Command: /Users/diegogiordano/esp/idf-tools/python_env/idf5.5_py3.12_env/bin/python /Users/diegogiordano/esp/idf/esp-idf/tools/idf_monitor.py -p /dev/cu.usbserial-110 -b 115200 --toolchain-prefix xtensa-esp32-elf- --target esp32 --revision 0 /Users/diegogiordano/dev/universidad/embedded_systems/rep_se_202501_Jorge_Gomez/Lab_1/Ejercicio_2/build/Ejercicio_2.elf /Users/diegogiordano/dev/universidad/embedded_systems/rep_se_202501_Jorge_Gomez/Lab_1/Ejercicio_2/build/bootloader/bootloader.elf -m '/Users/diegogiordano/esp/idf-tools/python_env/idf5.5_py3.12_env/bin/python' '/Users/diegogiordano/esp/idf/esp-idf/tools/idf.py'
_drv:0x00,hd_drv:0x00,wp_drv:0x00
mode:DIO, cloï¿½ets Jun  8 2016 00:22:57

rst:0x1 (POWERON_RESET),boot:0x13 (SPI_FAST_FLASH_BOOT)
configsip: 0, SPIWP:0xee
clk_drv:0x00,q_drv:0x00,d_drv:0x00,cs0_drv:0x00,hd_drv:0x00,wp_drv:0x00
mode:DIO, clock div:2
load:0x3fff0030,len:6368
load:0x40078000,len:15880
load:0x40080400,len:3860
entry 0x40080638
[0;32mI (27) boot: ESP-IDF v5.5-dev-2488-gee77c489e7 2nd stage bootloader[0m
[0;32mI (27) boot: compile time Apr  8 2025 13:35:17[0m
[0;32mI (27) boot: Multicore bootloader[0m
[0;32mI (30) boot: chip revision: v1.1[0m
[0;32mI (32) boot.esp32: SPI Speed      : 40MHz[0m
[0;32mI (36) boot.esp32: SPI Mode       : DIO[0m
[0;32mI (40) boot.esp32: SPI Flash Size : 2MB[0m
[0;32mI (43) boot: Enabling RNG early entropy source...[0m
[0;32mI (48) boot: Partition Table:[0m
[0;32mI (50) boot: ## Label            Usage          Type ST Offset   Length[0m
[0;32mI (57) boot:  0 nvs              WiFi data        01 02 00009000 00006000[0m
[0;32mI (63) boot:  1 phy_init         RF data          01 01 0000f000 00001000[0m
[0;32mI (70) boot:  2 factory          factory app      00 00 00010000 00100000[0m
[0;32mI (76) boot: End of partition table[0m
[0;32mI (79) esp_image: segment 0: paddr=00010020 vaddr=3f400020 size=09880h ( 39040) map[0m
[0;32mI (100) esp_image: segment 1: paddr=000198a8 vaddr=3ff80000 size=0001ch (    28) load[0m
[0;32mI (101) esp_image: segment 2: paddr=000198cc vaddr=3ffb0000 size=02304h (  8964) load[0m
[0;32mI (108) esp_image: segment 3: paddr=0001bbd8 vaddr=40080000 size=04440h ( 17472) load[0m
[0;32mI (119) esp_image: segment 4: paddr=00020020 vaddr=400d0020 size=135c0h ( 79296) map[0m
[0;32mI (146) esp_image: segment 5: paddr=000335e8 vaddr=40084440 size=08818h ( 34840) load[0m
[0;32mI (166) boot: Loaded app from partition at offset 0x10000[0m
[0;32mI (167) boot: Disabling RNG early entropy source...[0m
[0;32mI (177) cpu_start: Multicore app[0m
[0;32mI (185) cpu_start: Pro cpu start user code[0m
[0;32mI (185) cpu_start: cpu freq: 160000000 Hz[0m
[0;32mI (185) app_init: Application information:[0m
[0;32mI (186) app_init: Project name:     Ejercicio_2[0m
[0;32mI (190) app_init: App version:      a58aa1d[0m
[0;32mI (194) app_init: Compile time:     Apr  8 2025 13:35:50[0m
[0;32mI (199) app_init: ELF file SHA256:  faa267334...[0m
[0;32mI (203) app_init: ESP-IDF:          v5.5-dev-2488-gee77c489e7[0m
[0;32mI (209) efuse_init: Min chip rev:     v0.0[0m
[0;32mI (212) efuse_init: Max chip rev:     v3.99 [0m
[0;32mI (216) efuse_init: Chip rev:         v1.1[0m
[0;32mI (220) heap_init: Initializing. RAM available for dynamic allocation:[0m
[0;32mI (227) heap_init: At 3FFAE6E0 len 00001920 (6 KiB): DRAM[0m
[0;32mI (232) heap_init: At 3FFB2BC8 len 0002D438 (181 KiB): DRAM[0m
[0;32mI (237) heap_init: At 3FFE0440 len 00003AE0 (14 KiB): D/IRAM[0m
[0;32mI (242) heap_init: At 3FFE4350 len 0001BCB0 (111 KiB): D/IRAM[0m
[0;32mI (248) heap_init: At 4008CC58 len 000133A8 (76 KiB): IRAM[0m
[0;32mI (254) spi_flash: detected chip: generic[0m
[0;32mI (257) spi_flash: flash io: dio[0m
[0;33mW (260) spi_flash: Detected size(4096k) larger than the size in the binary image header(2048k). Using the size in the binary image header.[0m
[0;32mI (272) main_task: Started on CPU0[0m
[0;32mI (282) main_task: Calling app_main()[0m

Performance Measurements:
Total time: 165 microseconds (0.17 ms)
Total cycles: 26387
Cycles per iteration: 26.39
Clock frequency: 160 MHz

Operation Results:
result_0 (var_1 + var_2): 361
result_1 (var_1 + 10): 243
result_2 (var_1 % var_2): 105
result_3 (var_1 * var_2): 29824
result_4 (var_1 / var_2): 1
[0;32mI (302) main_task: Returned from app_main()[0m
x00,wp_drv:0x00
mode:DIO, clock div:2
load:0x3fff0030,len:6368
load:0x40078000,len:15880
load:0x40080400,len:3860
entry 0x40080638
[0;32mI (27) boot: ESP-IDF v5.5-dev-2488-gee77c489e7 2nd stage bootloader[0m
[0;32mI (27) boot: compile time Apr  8 2025 13:35:17[0m
[0;32mI (27) boot: Multicore bootloader[0m
[0;32mI (30) boot: chip revision: v1.1[0m
[0;32mI (32) boot.esp32: SPI Speed      : 40MHz[0m
[0;32mI (36) boot.esp32: SPI Mode       : DIO[0m
[0;32mI (40) boot.esp32: SPI Flash Size : 2MB[0m
[0;32mI (43) boot: Enabling RNG early entropy source...[0m
[0;32mI (48) boot: Partition Table:[0m
[0;32mI (50) boot: ## Label            Usage          Type ST Offset   Length[0m
[0;32mI (57) boot:  0 nvs              WiFi data        01 02 00009000 00006000[0m
[0;32mI (63) boot:  1 phy_init         RF data          01 01 0000f000 00001000[0m
[0;32mI (70) boot:  2 factory          factory app      00 00 00010000 00100000[0m
[0;32mI (76) boot: End of partition table[0m
[0;32mI (80) esp_image: segment 0: paddr=00010020 vaddr=3f400020 size=09880h ( 39040) map[0m
[0;32mI (100) esp_image: segment 1: paddr=000198a8 vaddr=3ff80000 size=0001ch (    28) load[0m
[0;32mI (101) esp_image: segment 2: paddr=000198cc vaddr=3ffb0000 size=02304h (  8964) load[0m
[0;32mI (108) esp_image: segment 3: paddr=0001bbd8 vaddr=40080000 size=04440h ( 17472) load[0m
[0;32mI (119) esp_image: segment 4: paddr=00020020 vaddr=400d0020 size=135c0h ( 79296) map[0m
[0;32mI (146) esp_image: segment 5: paddr=000335e8 vaddr=40084440 size=08818h ( 34840) load[0m
[0;32mI (167) boot: Loaded app from partition at offset 0x10000[0m
[0;32mI (167) boot: Disabling RNG early entropy source...[0m
[0;32mI (177) cpu_start: Multicore app[0m
[0;32mI (185) cpu_start: Pro cpu start user code[0m
[0;32mI (185) cpu_start: cpu freq: 160000000 Hz[0m
[0;32mI (186) app_init: Application information:[0m
[0;32mI (186) app_init: Project name:     Ejercicio_2[0m
[0;32mI (190) app_init: App version:      a58aa1d[0m
[0;32mI (194) app_init: Compile time:     Apr  8 2025 13:35:50[0m
[0;32mI (199) app_init: ELF file SHA256:  faa267334...[0m
[0;32mI (203) app_init: ESP-IDF:          v5.5-dev-2488-gee77c489e7[0m
[0;32mI (209) efuse_init: Min chip rev:     v0.0[0m
[0;32mI (212) efuse_init: Max chip rev:     v3.99 [0m
[0;32mI (216) efuse_init: Chip rev:         v1.1[0m
[0;32mI (220) heap_init: Initializing. RAM available for dynamic allocation:[0m
[0;32mI (227) heap_init: At 3FFAE6E0 len 00001920 (6 KiB): DRAM[0m
[0;32mI (232) heap_init: At 3FFB2BC8 len 0002D438 (181 KiB): DRAM[0m
[0;32mI (237) heap_init: At 3FFE0440 len 00003AE0 (14 KiB): D/IRAM[0m
[0;32mI (242) heap_init: At 3FFE4350 len 0001BCB0 (111 KiB): D/IRAM[0m
[0;32mI (248) heap_init: At 4008CC58 len 000133A8 (76 KiB): IRAM[0m
[0;32mI (254) spi_flash: detected chip: generic[0m
[0;32mI (257) spi_flash: flash io: dio[0m
[0;33mW (260) spi_flash: Detected size(4096k) larger than the size in the binary image header(2048k). Using the size in the binary image header.[0m
[0;32mI (272) main_task: Started on CPU0[0m
[0;32mI (282) main_task: Calling app_main()[0m

Performance Measurements:
Total time: 165 microseconds (0.17 ms)
Total cycles: 26387
Cycles per iteration: 26.39
Clock frequency: 160 MHz

Operation Results:
result_0 (var_1 + var_2): 361
result_1 (var_1 + 10): 243
result_2 (var_1 % var_2): 105
result_3 (var_1 * var_2): 29824
result_4 (var_1 / var_2): 1
[0;32mI (302) main_task: Returned from app_main()[0m
