Command: /Users/diegogiordano/esp/idf-tools/python_env/idf5.5_py3.12_env/bin/python /Users/diegogiordano/esp/idf/esp-idf/tools/idf_monitor.py -p /dev/cu.usbserial-110 -b 115200 --toolchain-prefix xtensa-esp32-elf- --target esp32 --revision 0 /Users/diegogiordano/dev/universidad/embedded_systems/rep_se_202501_Jorge_Gomez/Lab_1/Ejercicio_2/build/Ejercicio_2.elf /Users/diegogiordano/dev/universidad/embedded_systems/rep_se_202501_Jorge_Gomez/Lab_1/Ejercicio_2/build/bootloader/bootloader.elf -m '/Users/diegogiordano/esp/idf-tools/python_env/idf5.5_py3.12_env/bin/python' '/Users/diegogiordano/esp/idf/esp-idf/tools/idf.py'
0_drv:0x00,hd_drv:0x00,wp_drv:0x00
mode:DIO, cloï¿½ets Jun  8 2016 00:22:57

rst:0x1 (POWERON_RESET),boot:0x13 (SPI_FAST_FLASH_BOOT)
configsip: 0, SPIWP:0xee
clk_drv:0x00,q_drv:0x00,d_drv:0x00,cs0_drv:0x00,hd_drv:0x00,wp_drv:0x00
mode:DIO, clock div:2
load:0x3fff0030,len:6368
load:0x40078000,len:15880
load:0x40080400,len:3860
entry 0x40080638
[0;32mI (26) boot: ESP-IDF v5.5-dev-2488-gee77c489e7 2nd stage bootloader[0m
[0;32mI (27) boot: compile time Apr  8 2025 13:35:17[0m
[0;32mI (27) boot: Multicore bootloader[0m
[0;32mI (30) boot: chip revision: v1.1[0m
[0;32mI (32) boot.esp32: SPI Speed      : 40MHz[0m
[0;32mI (36) boot.esp32: SPI Mode       : DIO[0m
[0;32mI (40) boot.esp32: SPI Flash Size : 2MB[0m
[0;32mI (43) boot: Enabling RNG early entropy source...[0m
[0;32mI (48) boot: Partition Table:[0m
[0;32mI (50) boot: ## Label            Usage          Type ST Offset   Length[0m
[0;32mI (57) boot:  0 nvs              WiFi data        01 02 00009000 00006000[0m
[0;32mI (63) boot:  1 phy_init         RF data          01 01 0000f000 00001000[0m
[0;32mI (70) boot:  2 factory          factory app      00 00 00010000 00100000[0m
[0;32mI (76) boot: End of partition table[0m
[0;32mI (79) esp_image: segment 0: paddr=00010020 vaddr=3f400020 size=099f0h ( 39408) map[0m
[0;32mI (100) esp_image: segment 1: paddr=00019a18 vaddr=3ff80000 size=0001ch (    28) load[0m
[0;32mI (101) esp_image: segment 2: paddr=00019a3c vaddr=3ffb0000 size=02304h (  8964) load[0m
[0;32mI (108) esp_image: segment 3: paddr=0001bd48 vaddr=40080000 size=042d0h ( 17104) load[0m
[0;32mI (119) esp_image: segment 4: paddr=00020020 vaddr=400d0020 size=137f8h ( 79864) map[0m
[0;32mI (147) esp_image: segment 5: paddr=00033820 vaddr=400842d0 size=08988h ( 35208) load[0m
[0;32mI (167) boot: Loaded app from partition at offset 0x10000[0m
[0;32mI (167) boot: Disabling RNG early entropy source...[0m
[0;32mI (177) cpu_start: Multicore app[0m
[0;32mI (186) cpu_start: Pro cpu start user code[0m
[0;32mI (186) cpu_start: cpu freq: 160000000 Hz[0m
[0;32mI (186) app_init: Application information:[0m
[0;32mI (186) app_init: Project name:     Ejercicio_2[0m
[0;32mI (190) app_init: App version:      a58aa1d[0m
[0;32mI (194) app_init: Compile time:     Apr  8 2025 13:35:50[0m
[0;32mI (199) app_init: ELF file SHA256:  178ea2a0e...[0m
[0;32mI (203) app_init: ESP-IDF:          v5.5-dev-2488-gee77c489e7[0m
[0;32mI (209) efuse_init: Min chip rev:     v0.0[0m
[0;32mI (213) efuse_init: Max chip rev:     v3.99 [0m
[0;32mI (217) efuse_init: Chip rev:         v1.1[0m
[0;32mI (221) heap_init: Initializing. RAM available for dynamic allocation:[0m
[0;32mI (227) heap_init: At 3FFAE6E0 len 00001920 (6 KiB): DRAM[0m
[0;32mI (232) heap_init: At 3FFB2BC8 len 0002D438 (181 KiB): DRAM[0m
[0;32mI (237) heap_init: At 3FFE0440 len 00003AE0 (14 KiB): D/IRAM[0m
[0;32mI (243) heap_init: At 3FFE4350 len 0001BCB0 (111 KiB): D/IRAM[0m
[0;32mI (248) heap_init: At 4008CC58 len 000133A8 (76 KiB): IRAM[0m
[0;32mI (255) spi_flash: detected chip: generic[0m
[0;32mI (257) spi_flash: flash io: dio[0m
[0;33mW (260) spi_flash: Detected size(4096k) larger than the size in the binary image header(2048k). Using the size in the binary image header.[0m
[0;32mI (273) main_task: Started on CPU0[0m
[0;32mI (283) main_task: Calling app_main()[0m

Running 5 tests with 25000 iterations each:
Run 1: Time: 4384 us, Cycles: 700756
Run 2: Time: 4376 us, Cycles: 700119
Run 3: Time: 4376 us, Cycles: 700119
Run 4: Time: 4376 us, Cycles: 700119
Run 5: Time: 4376 us, Cycles: 700119

Overall Performance Measurements:
Average time per run: 4377.60 us
Average cycles per run: 700246.38
Average time per operation: 0.035 us
Average cycles per operation: 5.602

Individual Operation Cycle Counts:
Addition (var_1 + var_2): 21.05 cycles
Addition with constant (var_1 + 10): 16.01 cycles
Modulo (var_1 % var_2): 24.01 cycles
Multiplication (var_1 * var_2): 21.04 cycles
Division (var_1 / var_2): 23.02 cycles

Operation Results:
result_0 (var_1 + var_2): 361
result_1 (var_1 + 10): 243
result_2 (var_1 % var_2): 105
result_3 (var_1 * var_2): 29824
result_4 (var_1 / var_2): 1
[0;32mI (423) main_task: Returned from app_main()[0m
