Command: /Users/diegogiordano/esp/idf-tools/python_env/idf5.5_py3.12_env/bin/python /Users/diegogiordano/esp/idf/esp-idf/tools/idf_monitor.py -p /dev/cu.usbserial-110 -b 115200 --toolchain-prefix xtensa-esp32-elf- --target esp32 --revision 0 /Users/diegogiordano/dev/universidad/embedded_systems/rep_se_202501_Jorge_Gomez/Lab_1/Ejercicio_4/build/Ejercicio_4.elf /Users/diegogiordano/dev/universidad/embedded_systems/rep_se_202501_Jorge_Gomez/Lab_1/Ejercicio_4/build/bootloader/bootloader.elf -m '/Users/diegogiordano/esp/idf-tools/python_env/idf5.5_py3.12_env/bin/python' '/Users/diegogiordano/esp/idf/esp-idf/tools/idf.py'
0
mode:DIO, clock div:2
load:0x3fff0030,len:6368
load:0x4007ï¿½ets Jun  8 2016 00:22:57

rst:0x1 (POWERON_RESET),boot:0x13 (SPI_FAST_FLASH_BOOT)
configsip: 0, SPIWP:0xee
clk_drv:0x00,q_drv:0x00,d_drv:0x00,cs0_drv:0x00,hd_drv:0x00,wp_drv:0x00
mode:DIO, clock div:2
load:0x3fff0030,len:6368
load:0x40078000,len:15880
load:0x40080400,len:3860
entry 0x40080638
[0;32mI (27) boot: ESP-IDF v5.5-dev-2488-gee77c489e7 2nd stage bootloader[0m
[0;32mI (27) boot: compile time Apr 17 2025 13:16:11[0m
[0;32mI (27) boot: Multicore bootloader[0m
[0;32mI (30) boot: chip revision: v1.1[0m
[0;32mI (32) boot.esp32: SPI Speed      : 40MHz[0m
[0;32mI (36) boot.esp32: SPI Mode       : DIO[0m
[0;32mI (40) boot.esp32: SPI Flash Size : 2MB[0m
[0;32mI (43) boot: Enabling RNG early entropy source...[0m
[0;32mI (48) boot: Partition Table:[0m
[0;32mI (50) boot: ## Label            Usage          Type ST Offset   Length[0m
[0;32mI (57) boot:  0 nvs              WiFi data        01 02 00009000 00006000[0m
[0;32mI (63) boot:  1 phy_init         RF data          01 01 0000f000 00001000[0m
[0;32mI (70) boot:  2 factory          factory app      00 00 00010000 00100000[0m
[0;32mI (76) boot: End of partition table[0m
[0;32mI (80) esp_image: segment 0: paddr=00010020 vaddr=3f400020 size=098c0h ( 39104) map[0m
[0;32mI (100) esp_image: segment 1: paddr=000198e8 vaddr=3ff80000 size=0001ch (    28) load[0m
[0;32mI (101) esp_image: segment 2: paddr=0001990c vaddr=3ffb0000 size=02398h (  9112) load[0m
[0;32mI (108) esp_image: segment 3: paddr=0001bcac vaddr=40080000 size=0436ch ( 17260) load[0m
[0;32mI (119) esp_image: segment 4: paddr=00020020 vaddr=400d0020 size=13634h ( 79412) map[0m
[0;32mI (146) esp_image: segment 5: paddr=0003365c vaddr=4008436c size=08990h ( 35216) load[0m
[0;32mI (160) esp_image: segment 6: paddr=0003bff4 vaddr=50000000 size=000a4h (   164) load[0m
[0;32mI (167) boot: Loaded app from partition at offset 0x10000[0m
[0;32mI (167) boot: Disabling RNG early entropy source...[0m
[0;32mI (179) cpu_start: Multicore app[0m
[0;32mI (187) cpu_start: Pro cpu start user code[0m
[0;32mI (187) cpu_start: cpu freq: 160000000 Hz[0m
[0;32mI (187) app_init: Application information:[0m
[0;32mI (187) app_init: Project name:     Ejercicio_4[0m
[0;32mI (191) app_init: App version:      6176405[0m
[0;32mI (195) app_init: Compile time:     Apr 17 2025 13:16:43[0m
[0;32mI (200) app_init: ELF file SHA256:  9a373bd8d...[0m
[0;32mI (205) app_init: ESP-IDF:          v5.5-dev-2488-gee77c489e7[0m
[0;32mI (210) efuse_init: Min chip rev:     v0.0[0m
[0;32mI (214) efuse_init: Max chip rev:     v3.99 [0m
[0;32mI (218) efuse_init: Chip rev:         v1.1[0m
[0;32mI (222) heap_init: Initializing. RAM available for dynamic allocation:[0m
[0;32mI (228) heap_init: At 3FFAE6E0 len 00001920 (6 KiB): DRAM[0m
[0;32mI (233) heap_init: At 3FFB2C58 len 0002D3A8 (180 KiB): DRAM[0m
[0;32mI (238) heap_init: At 3FFE0440 len 00003AE0 (14 KiB): D/IRAM[0m
[0;32mI (244) heap_init: At 3FFE4350 len 0001BCB0 (111 KiB): D/IRAM[0m
[0;32mI (249) heap_init: At 4008CCFC len 00013304 (76 KiB): IRAM[0m
[0;32mI (256) spi_flash: detected chip: generic[0m
[0;32mI (258) spi_flash: flash io: dio[0m
[0;33mW (261) spi_flash: Detected size(4096k) larger than the size in the binary image header(2048k). Using the size in the binary image header.[0m
[0;32mI (274) main_task: Started on CPU0[0m
[0;32mI (284) main_task: Calling app_main()[0m
Starting memory access time measurement...

DRAM access time: 11 microseconds
IRAM access time: 4 microseconds
RTC memory access time: 24 microseconds
Flash memory access time: 14 microseconds
Guru Meditation Error: Core  0 panic'ed (StoreProhibited). Exception was unhandled.

Core  0 register dump:
PC      : 0x400d6c5a  PS      : 0x00060130  A0      : 0x800e2fbc  A1      : 0x3ffb3f20  
A2      : 0x3ffafed8  A3      : 0x4008d128  A4      : 0x00000000  A5      : 0x3ffafe30  
A6      : 0x4008d080  A7      : 0x00000000  A8      : 0x00000005  A9      : 0x3ffb3f00  
A10     : 0x00000000  A11     : 0x00000400  A12     : 0x0000000e  A13     : 0x00000000  
A14     : 0x00000000  A15     : 0x00000004  SAR     : 0x0000001e  EXCCAUSE: 0x0000001d  
EXCVADDR: 0x00000000  LBEG    : 0x400014fd  LEND    : 0x4000150d  LCOUNT  : 0xffffffff  


Backtrace: 0x400d6c57:0x3ffb3f20 0x400e2fb9:0x3ffb3f50 0x40085b99:0x3ffb3f80




ELF file SHA256: 9a373bd8d

Rebooting...
ets Jun  8 2016 00:22:57

rst:0xc (SW_CPU_RESET),boot:0x13 (SPI_FAST_FLASH_BOOT)
configsip: 0, SPIWP:0xee
clk_drv:0x00,q_drv:0x00,d_drv:0x00,cs0_drv:0x00,hd_drv:0x00,wp_drv:0x00
mode:DIO, clock div:2
load:0x3fff0030,len:6368
load:0x40078000,len:15880
load:0x40080400,len:3860
entry 0x40080638
[0;32mI (27) boot: ESP-IDF v5.5-dev-2488-gee77c489e7 2nd stage bootloader[0m
[0;32mI (27) boot: compile time Apr 17 2025 13:16:11[0m
[0;32mI (27) boot: Multicore bootloader[0m
[0;32mI (30) boot: chip revision: v1.1[0m
[0;32mI (33) boot.esp32: SPI Speed      : 40MHz[0m
[0;32mI (37) boot.esp32: SPI Mode       : DIO[0m
[0;32mI (40) boot.esp32: SPI Flash Size : 2MB[0m
[0;32mI (44) boot: Enabling RNG early entropy source...[0m
[0;32mI (48) boot: Partition Table:[0m
[0;32mI (51) boot: ## Label            Usage          Type ST Offset   Length[0m
[0;32mI (57) boot:  0 nvs              WiFi data        01 02 00009000 00006000[0m
[0;32mI (64) boot:  1 phy_init         RF data          01 01 0000f000 00001000[0m
[0;32mI (70) boot:  2 factory          factory app      00 00 00010000 00100000[0m
[0;32mI (77) boot: End of partition table[0m
[0;32mI (80) esp_image: segment 0: paddr=00010020 vaddr=3f400020 size=098c0h ( 39104) map[0m
[0;32mI (101) esp_image: segment 1: paddr=000198e8 vaddr=3ff80000 size=0001ch (    28) load[0m
[0;32mI (101) esp_image: segment 2: paddr=0001990c vaddr=3ffb0000 size=02398h (  9112) load[0m
[0;32mI (108) esp_image: segment 3: paddr=0001bcac vaddr=40080000 size=0436ch ( 17260) load[0m
[0;32mI (119) esp_image: segment 4: paddr=00020020 vaddr=400d0020 size=13634h ( 79412) map[0m
[0;32mI (147) esp_image: segment 5: paddr=0003365c vaddr=4008436c size=08990h ( 35216) load[0m
[0;32mI (161) esp_image: segment 6: paddr=0003bff4 vaddr=50000000 size=000a4h (   164) load[0m
[0;32mI (168) boot: Loaded app from partition at offset 0x10000[0m
[0;32mI (168) boot: Disabling RNG early entropy source...[0m
[0;32mI (179) cpu_start: Multicore app[0m
[0;32mI (187) cpu_start: Pro cpu start user code[0m
[0;32mI (188) cpu_start: cpu freq: 160000000 Hz[0m
[0;32mI (188) app_init: Application information:[0m
[0;32mI (188) app_init: Project name:     Ejercicio_4[0m
[0;32mI (192) app_init: App version:      6176405[0m
[0;32mI (196) app_init: Compile time:     Apr 17 2025 13:16:43[0m
[0;32mI (201) app_init: ELF file SHA256:  9a373bd8d...[0m
[0;32mI (205) app_init: ESP-IDF:          v5.5-dev-2488-gee77c489e7[0m
[0;32mI (211) efuse_init: Min chip rev:     v0.0[0m
[0;32mI (214) efuse_init: Max chip rev:     v3.99 [0m
[0;32mI (218) efuse_init: Chip rev:         v1.1[0m
[0;32mI (223) heap_init: Initializing. RAM available for dynamic allocation:[0m
[0;32mI (229) heap_init: At 3FFAE6E0 len 00001920 (6 KiB): DRAM[0m
[0;32mI (234) heap_init: At 3FFB2C58 len 0002D3A8 (180 KiB): DRAM[0m
[0;32mI (239) heap_init: At 3FFE0440 len 00003AE0 (14 KiB): D/IRAM[0m
[0;32mI (244) heap_init: At 3FFE4350 len 0001BCB0 (111 KiB): D/IRAM[0m
[0;32mI (250) heap_init: At 4008CCFC len 00013304 (76 KiB): IRAM[0m
[0;32mI (257) spi_flash: detected chip: generic[0m
[0;32mI (259) spi_flash: flash io: dio[0m
[0;33mW (262) spi_flash: Detected size(4096k) larger than the size in the binary image header(2048k). Using the size in the binary image header.[0m
[0;32mI (275) main_task: Started on CPU0[0m
[0;32mI (285) main_task: Calling app_main()[0m
Starting memory access time measurement...

DRAM access time: 10 microseconds
IRAM access time: 4 microseconds
RTC memory access time: 24 microseconds
Flash memory access time: 14 microseconds
Guru Meditation Error: Core  0 panic'ed (StoreProhibited). Exception was unhandled.

Core  0 register dump:
PC      : 0x400d6c5a  PS      : 0x00060130  A0      : 0x800e2fbc  A1      : 0x3ffb3f20  
A2      : 0x3ffafed8  A3      : 0x4008d128  A4      : 0x00000000  A5      : 0x3ffafe30  
A6      : 0x4008d080  A7      : 0x00000000  A8      : 0x00000005  A9      : 0x3ffb3f00  
A10     : 0x00000000  A11     : 0x00000400  A12     : 0x0000000e  A13     : 0x00000000  
A14     : 0x00000000  A15     : 0x00000004  SAR     : 0x0000001e  EXCCAUSE: 0x0000001d  
EXCVADDR: 0x00000000  LBEG    : 0x400014fd  LEND    : 0x4000150d  LCOUNT  : 0xffffffff  


Backtrace: 0x400d6c57:0x3ffb3f20 0x400e2fb9:0x3ffb3f50 0x40085b99:0x3ffb3f80




ELF file SHA256: 9a373bd8d

Rebooting...
ets Jun  8 2016 00:22:57

rst:0xc (SW_CPU_RESET),boot:0x13 (SPI_FAST_FLASH_BOOT)
configsip: 0, SPIWP:0xee
clk_drv:0x00,q_drv:0x00,d_drv:0x00,cs0_drv:0x00,hd_drv:0x00,wp_drv:0x00
mode:DIO, clock div:2
load:0x3fff0030,len:6368
load:0x40078000,len:15880
load:0x40080400,len:3860
entry 0x40080638
[0;32mI (27) boot: ESP-IDF v5.5-dev-2488-gee77c489e7 2nd stage bootloader[0m
[0;32mI (27) boot: compile time Apr 17 2025 13:16:11[0m
[0;32mI (27) boot: Multicore bootloader[0m
[0;32mI (30) boot: chip revision: v1.1[0m
[0;32mI (33) boot.esp32: SPI Speed      : 40MHz[0m
[0;32mI (37) boot.esp32: SPI Mode       : DIO[0m
[0;32mI (40) boot.esp32: SPI Flash Size : 2MB[0m
[0;32mI (44) boot: Enabling RNG early entropy source...[0m
[0;32mI (48) boot: Partition Table:[0m
[0;32mI (51) boot: ## Label            Usage          Type ST Offset   Length[0m
[0;32mI (57) boot:  0 nvs              WiFi data        01 02 00009000 00006000[0m
[0;32mI (64) boot:  1 phy_init         RF data          01 01 0000f000 00001000[0m
[0;32mI (70) boot:  2 factory          factory app      00 00 00010000 00100000[0m
[0;32mI (77) boot: End of partition table[0m
[0;32mI (80) esp_image: segment 0: paddr=00010020 vaddr=3f400020 size=098c0h ( 39104) map[0m
[0;32mI (101) esp_image: segment 1: paddr=000198e8 vaddr=3ff80000 size=0001ch (    28) load[0m
[0;32mI (101) esp_image: segment 2: paddr=0001990c vaddr=3ffb0000 size=02398h (  9112) load[0m
[0;32mI (108) esp_image: segment 3: paddr=0001bcac vaddr=40080000 size=0436ch ( 17260) load[0m
[0;32mI (119) esp_image: segment 4: paddr=00020020 vaddr=400d0020 size=13634h ( 79412) map[0m
[0;32mI (147) esp_image: segment 5: paddr=0003365c vaddr=4008436c size=08990h ( 35216) load[0m
[0;32mI (161) esp_image: segment 6: paddr=0003bff4 vaddr=50000000 size=000a4h (   164) load[0m
[0;32mI (168) boot: Loaded app from partition at offset 0x10000[0m
[0;32mI (168) boot: Disabling RNG early entropy source...[0m
[0;32mI (179) cpu_start: Multicore app[0m
[0;32mI (187) cpu_start: Pro cpu start user code[0m
[0;32mI (188) cpu_start: cpu freq: 160000000 Hz[0m
[0;32mI (188) app_init: Application information:[0m
[0;32mI (188) app_init: Project name:     Ejercicio_4[0m
[0;32mI (192) app_init: App version:      6176405[0m
[0;32mI (196) app_init: Compile time:     Apr 17 2025 13:16:43[0m
[0;32mI (201) app_init: ELF file SHA256:  9a373bd8d...[0m
[0;32mI (205) app_init: ESP-IDF:          v5.5-dev-2488-gee77c489e7[0m
[0;32mI (211) efuse_init: Min chip rev:     v0.0[0m
[0;32mI (214) efuse_init: Max chip rev:     v3.99 [0m
[0;32mI (218) efuse_init: Chip rev:         v1.1[0m
[0;32mI (223) heap_init: Initializing. RAM available for dynamic allocation:[0m
[0;32mI (229) heap_init: At 3FFAE6E0 len 00001920 (6 KiB): DRAM[0m
[0;32mI (234) heap_init: At 3FFB2C58 len 0002D3A8 (180 KiB): DRAM[0m
[0;32mI (239) heap_init: At 3FFE0440 len 00003AE0 (14 KiB): D/IRAM[0m
[0;32mI (244) heap_init: At 3FFE4350 len 0001BCB0 (111 KiB): D/IRAM[0m
[0;32mI (250) heap_init: At 4008CCFC len 00013304 (76 KiB): IRAM[0m
[0;32mI (257) spi_flash: detected chip: generic[0m
[0;32mI (259) spi_flash: flash io: dio[0m
[0;33mW (262) spi_flash: Detected size(4096k) larger than the size in the binary image header(2048k). Using the size in the binary image header.[0m
[0;32mI (275) main_task: Started on CPU0[0m
[0;32mI (285) main_task: Calling app_main()[0m
Starting memory access time measurement...

DRAM access time: 10 microseconds
IRAM access time: 4 microseconds
RTC memory access time: 23 microseconds
Flash memory access time: 14 microseconds
Guru Meditation Error: Core  0 panic'ed (StoreProhibited). Exception was unhandled.

Core  0 register dump:
PC      : 0x400d6c5a  PS      : 0x00060130  A0      : 0x800e2fbc  A1      : 0x3ffb3f20  
A2      : 0x3ffafed8  A3      : 0x4008d128  A4      : 0x00000000  A5      : 0x3ffafe30  
A6      : 0x4008d080  A7      : 0x00000000  A8      : 0x00000005  A9      : 0x3ffb3f00  
A10     : 0x00000000  A11     : 0x00000400  A12     : 0x0000000e  A13     : 0x00000000  
A14     : 0x00000000  A15     : 0x00000004  SAR     : 0x0000001e  EXCCAUSE: 0x0000001d  
EXCVADDR: 0x00000000  LBEG    : 0x400014fd  LEND    : 0x4000150d  LCOUNT  : 0xffffffff  


Backtrace: 0x400d6c57:0x3ffb3f20 0x400e2fb9:0x3ffb3f50 0x40085b99:0x3ffb3f80




ELF file SHA256: 9a373bd8d

Rebooting...
ets Jun  8 2016 00:22:57

rst:0xc (SW_CPU_RESET),boot:0x13 (SPI_FAST_FLASH_BOOT)
configsip: 0, SPIWP:0xee
clk_drv:0x00,q_drv:0x00,d_drv:0x00,cs0_drv:0x00,hd_drv:0x00,wp_drv:0x00
mode:DIO, clock div:2
load:0x3fff0030,len:6368
load:0x40078000,len:15880
load:0x40080400,len:3860
entry 0x40080638
[0;32mI (27) boot: ESP-IDF v5.5-dev-2488-gee77c489e7 2nd stage bootloader[0m
[0;32mI (27) boot: compile time Apr 17 2025 13:16:11[0m
[0;32mI (27) boot: Multicore bootloader[0m
[0;32mI (30) boot: chip revision: v1.1[0m
[0;32mI (33) boot.esp32: SPI Speed      : 40MHz[0m
[0;32mI (37) boot.esp32: SPI Mode       : DIO[0m
[0;32mI (40) boot.esp32: SPI Flash Size : 2MB[0m
[0;32mI (44) boot: Enabling RNG early entropy source...[0m
[0;32mI (48) boot: Partition Table:[0m
[0;32mI (51) boot: ## Label            Usage          Type ST Offset   Length[0m
[0;32mI (57) boot:  0 nvs              WiFi data        01 02 00009000 00006000[0m
[0;32mI (64) boot:  1 phy_init         RF data          01 01 0000f000 00001000[0m
[0;32mI (70) boot:  2 factory          factory app      00 00 00010000 00100000[0m
[0;32mI (77) boot: End of partition table[0m
[0;32mI (80) esp_image: segment 0: paddr=00010020 vaddr=3f400020 size=098c0h ( 39104) map[0m
[0;32mI (101) esp_image: segment 1: paddr=000198e8 vaddr=3ff80000 size=0001ch (    28) load[0m
[0;32mI (101) esp_image: segment 2: paddr=0001990c vaddr=3ffb0000 size=02398h (  9112) load[0m
[0;32mI (108) esp_image: segment 3: paddr=0001bcac vaddr=40080000 size=0436ch ( 17260) load[0m
[0;32mI (119) esp_image: segment 4: paddr=00020020 vaddr=400d0020 size=13634h ( 79412) map[0m
[0;32mI (147) esp_image: segment 5: paddr=0003365c vaddr=4008436c size=08990h ( 35216) load[0m
[0;32mI (161) esp_image: segment 6: paddr=0003bff4 vaddr=50000000 size=000a4h (   164) load[0m
[0;32mI (168) boot: Loaded app from partition at offset 0x10000[0m
[0;32mI (168) boot: Disabling RNG early entropy source...[0m
[0;32mI (179) cpu_start: Multicore app[0m
[0;32mI (187) cpu_start: Pro cpu start user code[0m
[0;32mI (188) cpu_start: cpu freq: 160000000 Hz[0m
[0;32mI (188) app_init: Application information:[0m
[0;32mI (188) app_init: Project name:     Ejercicio_4[0m
[0;32mI (192) app_init: App version:      6176405[0m
[0;32mI (196) app_init: Compile time:     Apr 17 2025 13:16:43[0m
[0;32mI (201) app_init: ELF file SHA256:  9a373bd8d...[0m
[0;32mI (205) app_init: ESP-IDF:          v5.5-dev-2488-gee77c489e7[0m
[0;32mI (211) efuse_init: Min chip rev:     v0.0[0m
[0;32mI (214) efuse_init: Max chip rev:     v3.99 [0m
[0;32mI (218) efuse_init: Chip rev:         v1.1[0m
[0;32mI (223) heap_init: Initializing. RAM available for dynamic allocation:[0m
[0;32mI (229) heap_init: At 3FFAE6E0 len 00001920 (6 KiB): DRAM[0m
[0;32mI (234) heap_init: At 3FFB2C58 len 0002D3A8 (180 KiB): DRAM[0m
[0;32mI (239) heap_init: At 3FFE0440 len 00003AE0 (14 KiB): D/IRAM[0m
[0;32mI (244) heap_init: At 3FFE4350 len 0001BCB0 (111 KiB): D/IRAM[0m
[0;32mI (250) heap_init: At 4008CCFC len 00013304 (76 KiB): IRAM[0m
[0;32mI (257) spi_flash: detected chip: generic[0m
[0;32mI (259) spi_flash: flash io: dio[0m
[0;33mW (262) spi_flash: Detected size(4096k) larger than the size in the binary image header(2048k). Using the size in the binary image header.[0m
[0;32mI (275) main_task: Started on CPU0[0m
[0;32mI (285) main_task: Calling app_main()[0m
Starting memory access time measurement...

DRAM access time: 10 microseconds
IRAM access time: 5 microseconds
RTC memory access time: 23 microseconds
Flash memory access time: 14 microseconds
Guru Meditation Error: Core  0 panic'ed (StoreProhibited). Exception was unhandled.

Core  0 register dump:
PC      : 0x400d6c5a  PS      : 0x00060130  A0      : 0x800e2fbc  A1      : 0x3ffb3f20  
A2      : 0x3ffafed8  A3      : 0x4008d128  A4      : 0x00000000  A5      : 0x3ffafe30  
A6      : 0x4008d080  A7      : 0x00000000  A8      : 0x00000005  A9      : 0x3ffb3f00  
A10     : 0x00000000  A11     : 0x00000400  A12     : 0x0000000e  A13     : 0x00000000  
A14     : 0x00000000  A15     : 0x00000004  SAR     : 0x0000001e  EXCCAUSE: 0x0000001d  
EXCVADDR: 0x00000000  LBEG    : 0x400014fd  LEND    : 0x4000150d  LCOUNT  : 0xffffffff  


Backtrace: 0x400d6c57:0x3ffb3f20 0x400e2fb9:0x3ffb3f50 0x40085b99:0x3ffb3f80




ELF file SHA256: 9a373bd8d

Rebooting...
ets Jun  8 2016 00:22:57

rst:0xc (SW_CPU_RESET),boot:0x13 (SPI_FAST_FLASH_BOOT)
configsip: 0, SPIWP:0xee
clk_drv:0x00,q_drv:0x00,d_drv:0x00,cs0_drv:0x00,hd_drv:0x00,wp_drv:0x00
mode:DIO, clock div:2
load:0x3fff0030,len:6368
load:0x40078000,len:15880
load:0x40080400,len:3860
entry 0x40080638
[0;32mI (27) boot: ESP-IDF v5.5-dev-2488-gee77c489e7 2nd stage bootloader[0m
[0;32mI (27) boot: compile time Apr 17 2025 13:16:11[0m
[0;32mI (27) boot: Multicore bootloader[0m
[0;32mI (30) boot: chip revision: v1.1[0m
[0;32mI (33) boot.esp32: SPI Speed      : 40MHz[0m
[0;32mI (37) boot.esp32: SPI Mode       : DIO[0m
[0;32mI (40) boot.esp32: SPI Flash Size : 2MB[0m
[0;32mI (44) boot: Enabling RNG early entropy source...[0m
[0;32mI (48) boot: Partition Table:[0m
[0;32mI (51) boot: ## Label            Usage          Type ST Offset   Length[0m
[0;32mI (57) boot:  0 nvs              WiFi data        01 02 00009000 00006000[0m
[0;32mI (64) boot:  1 phy_init         RF data          01 01 0000f000 00001000[0m
[0;32mI (70) boot:  2 factory          factory app      00 00 00010000 00100000[0m
[0;32mI (77) boot: End of partition table[0m
[0;32mI (80) esp_image: segment 0: paddr=00010020 vaddr=3f400020 size=098c0h ( 39104) map[0m
[0;32mI (101) esp_image: segment 1: paddr=000198e8 vaddr=3ff80000 size=0001ch (    28) load[0m
[0;32mI (101) esp_image: segment 2: paddr=0001990c vaddr=3ffb0000 size=02398h (  9112) load[0m
[0;32mI (108) esp_image: segment 3: paddr=0001bcac vaddr=40080000 size=0436ch ( 17260) load[0m
[0;32mI (119) esp_image: segment 4: paddr=00020020 vaddr=400d0020 size=13634h ( 79412) map[0m
[0;32mI (147) esp_image: segment 5: paddr=0003365c vaddr=4008436c size=08990h ( 35216) load[0m
[0;32mI (161) esp_image: segment 6: paddr=0003bff4 vaddr=50000000 size=000a4h (   164) load[0m
[0;32mI (168) boot: Loaded app from partition at offset 0x10000[0m
[0;32mI (168) boot: Disabling RNG early entropy source...[0m
[0;32mI (179) cpu_start: Multicore app[0m
[0;32mI (187) cpu_start: Pro cpu start user code[0m
[0;32mI (188) cpu_start: cpu freq: 160000000 Hz[0m
[0;32mI (188) app_init: Application information:[0m
[0;32mI (188) app_init: Project name:     Ejercicio_4[0m
[0;32mI (192) app_init: App version:      6176405[0m
[0;32mI (196) app_init: Compile time:     Apr 17 2025 13:16:43[0m
[0;32mI (201) app_init: ELF file SHA256:  9a373bd8d...[0m
[0;32mI (205) app_init: ESP-IDF:          v5.5-dev-2488-gee77c489e7[0m
[0;32mI (211) efuse_init: Min chip rev:     v0.0[0m
[0;32mI (214) efuse_init: Max chip rev:     v3.99 [0m
[0;32mI (218) efuse_init: Chip rev:         v1.1[0m
[0;32mI (223) heap_init: Initializing. RAM available for dynamic allocation:[0m
[0;32mI (229) heap_init: At 3FFAE6E0 len 00001920 (6 KiB): DRAM[0m
[0;32mI (234) heap_init: At 3FFB2C58 len 0002D3A8 (180 KiB): DRAM[0m
[0;32mI (239) heap_init: At 3FFE0440 len 00003AE0 (14 KiB): D/IRAM[0m
[0;32mI (244) heap_init: At 3FFE4350 len 0001BCB0 (111 KiB): D/IRAM[0m
[0;32mI (250) heap_init: At 4008CCFC len 00013304 (76 KiB): IRAM[0m
[0;32mI (257) spi_flash: detected chip: generic[0m
[0;32mI (259) spi_flash: flash io: dio[0m
[0;33mW (262) spi_flash: Detected size(4096k) larger than the size in the binary image header(2048k). Using the size in the binary image header.[0m
[0;32mI (275) main_task: Started on CPU0[0m
[0;32mI (285) main_task: Calling app_main()[0m
Starting memory access time measurement...

DRAM access time: 10 microseconds
IRAM access time: 4 microseconds
RTC memory access time: 24 microseconds
Flash memory access time: 14 microseconds
Guru Meditation Error: Core  0 panic'ed (StoreProhibited). Exception was unhandled.

Core  0 register dump:
PC      : 0x400d6c5a  PS      : 0x00060130  A0      : 0x800e2fbc  A1      : 0x3ffb3f20  
A2      : 0x3ffafed8  A3      : 0x4008d128  A4      : 0x00000000  A5      : 0x3ffafe30  
A6      : 0x4008d080  A7      : 0x00000000  A8      : 0x00000005  A9      : 0x3ffb3f00  
A10     : 0x00000000  A11     : 0x00000400  A12     : 0x0000000e  A13     : 0x00000000  
A14     : 0x00000000  A15     : 0x00000004  SAR     : 0x0000001e  EXCCAUSE: 0x0000001d  
EXCVADDR: 0x00000000  LBEG    : 0x400014fd  LEND    : 0x4000150d  LCOUNT  : 0xffffffff  


Backtrace: 0x400d6c57:0x3ffb3f20 0x400e2fb9:0x3ffb3f50 0x40085b99:0x3ffb3f80




ELF file SHA256: 9a373bd8d

Rebooting...
ets Jun  8 2016 00:22:57

rst:0xc (SW_CPU_RESET),boot:0x13 (SPI_FAST_FLASH_BOOT)
configsip: 0, SPIWP:0xee
clk_drv:0x00,q_drv:0x00,d_drv:0x00,cs0_drv:0x00,hd_drv:0x00,wp_drv:0x00
mode:DIO, clock div:2
load:0x3fff0030,len:6368
load:0x40078000,len:15880
load:0x40080400,len:3860
entry 0x40080638
[0;32mI (27) boot: ESP-IDF v5.5-dev-2488-gee77c489e7 2nd stage bootloader[0m
[0;32mI (27) boot: compile time Apr 17 2025 13:16:11[0m
[0;32mI (27) boot: Multicore bootloader[0m
[0;32mI (30) boot: chip revision: v1.1[0m
[0;32mI (33) boot.esp32: SPI Speed      : 40MHz[0m
[0;32mI (37) boot.esp32: SPI Mode       : DIO[0m
[0;32mI (40) boot.esp32: SPI Flash Size : 2MB[0m
[0;32mI (44) boot: Enabling RNG early entropy source...[0m
[0;32mI (48) boot: Partition Table:[0m
[0;32mI (51) boot: ## Label            Usage          Type ST Offset   Length[0m
[0;32mI (57) boot:  0 nvs              WiFi data        01 02 00009000 00006000[0m
[0;32mI (64) boot:  1 phy_init         RF data          01 01 0000f000 00001000[0m
[0;32mI (70) boot:  2 factory          factory app      00 00 00010000 00100000[0m
[0;32mI (77) boot: End of partition table[0m
[0;32mI (80) esp_image: segment 0: paddr=00010020 vaddr=3f400020 size=098c0h ( 39104) map[0m
[0;32mI (101) esp_image: segment 1: paddr=000198e8 vaddr=3ff80000 size=0001ch (    28) load[0m
[0;32mI (101) esp_image: segment 2: paddr=0001990c vaddr=3ffb0000 size=02398h (  9112) load[0m
[0;32mI (108) esp_image: segment 3: paddr=0001bcac vaddr=40080000 size=0436ch ( 17260) load[0m
[0;32mI (119) esp_image: segment 4: paddr=00020020 vaddr=400d0020 size=13634h ( 79412) map[0m
[0;32mI (147) esp_image: segment 5: paddr=0003365c vaddr=4008436c size=08990h ( 35216) load[0m
[0;32mI (161) esp_image: segment 6: paddr=0003bff4 vaddr=50000000 size=000a4h (   164) load[0m
[0;32mI (168) boot: Loaded app from partition at offset 0x10000[0m
[0;32mI (168) boot: Disabling RNG early entropy source...[0m
[0;32mI (179) cpu_start: Multicore app[0m
[0;32mI (187) cpu_start: Pro cpu start user code[0m
[0;32mI (188) cpu_start: cpu freq: 160000000 Hz[0m
[0;32mI (188) app_init: Application information:[0m
[0;32mI (188) app_init: Project name:     Ejercicio_4[0m
[0;32mI (192) app_init: App version:      6176405[0m
[0;32mI (196) app_init: Compile time:     Apr 17 2025 13:16:43[0m
[0;32mI (201) app_init: ELF file SHA256:  9a373bd8d...[0m
[0;32mI (205) app_init: ESP-IDF:          v5.5-dev-2488-gee77c489e7[0m
[0;32mI (211) efuse_init: Min chip rev:     v0.0[0m
[0;32mI (214) efuse_init: Max chip rev:     v3.99 [0m
[0;32mI (218) efuse_init: Chip rev:         v1.1[0m
[0;32mI (223) heap_init: Initializing. RAM available for dynamic allocation:[0m
[0;32mI (229) heap_init: At 3FFAE6E0 len 00001920 (6 KiB): DRAM[0m
[0;32mI (234) heap_init: At 3FFB2C58 len 0002D3A8 (180 KiB): DRAM[0m
[0;32mI (239) heap_init: At 3FFE0440 len 00003AE0 (14 KiB): D/IRAM[0m
[0;32mI (244) heap_init: At 3FFE4350 len 0001BCB0 (111 KiB): D/IRAM[0m
[0;32mI (250) heap_init: At 4008CCFC len 00013304 (76 KiB): IRAM[0m
[0;32mI (257) spi_flash: detected chip: generic[0m
[0;32mI (259) spi_flash: flash io: dio[0m
[0;33mW (262) spi_flash: Detected size(4096k) larger than the size in the binary image header(2048k). Using the size in the binary image header.[0m
[0;32mI (275) main_task: Started on CPU0[0m
[0;32mI (285) main_task: Calling app_main()[0m
Starting memory access time measurement...

DRAM access time: 10 microseconds
IRAM access time: 5 microseconds
RTC memory access time: 24 microseconds
Flash memory access time: 14 microseconds
Guru Meditation Error: Core  0 panic'ed (StoreProhibited). Exception was unhandled.

Core  0 register dump:
PC      : 0x400d6c5a  PS      : 0x00060130  A0      : 0x800e2fbc  A1      : 0x3ffb3f20  
A2      : 0x3ffafed8  A3      : 0x4008d128  A4      : 0x00000000  A5      : 0x3ffafe30  
A6      : 0x4008d080  A7      : 0x00000000  A8      : 0x00000005  A9      : 0x3ffb3f00  
A10     : 0x00000000  A11     : 0x00000400  A12     : 0x0000000e  A13     : 0x00000000  
A14     : 0x00000000  A15     : 0x00000004  SAR     : 0x0000001e  EXCCAUSE: 0x0000001d  
EXCVADDR: 0x00000000  LBEG    : 0x400014fd  LEND    : 0x4000150d  LCOUNT  : 0xffffffff  


Backtrace: 0x400d6c57:0x3ffb3f20 0x400e2fb9:0x3ffb3f50 0x40085b99:0x3ffb3f80




ELF file SHA256: 9a373bd8d

Rebooting...
ets Jun  8 2016 00:22:57

rst:0xc (SW_CPU_RESET),boot:0x13 (SPI_FAST_FLASH_BOOT)
configsip: 0, SPIWP:0xee
clk_drv:0x00,q_drv:0x00,d_drv:0x00,cs0_drv:0x00,hd_drv:0x00,wp_drv:0x00
mode:DIO, clock div:2
load:0x3fff0030,len:6368
load:0x40078000,len:15880
load:0x40080400,len:3860
entry 0x40080638
[0;32mI (27) boot: ESP-IDF v5.5-dev-2488-gee77c489e7 2nd stage bootloader[0m
[0;32mI (27) boot: compile time Apr 17 2025 13:16:11[0m
[0;32mI (27) boot: Multicore bootloader[0m
[0;32mI (30) boot: chip revision: v1.1[0m
[0;32mI (33) boot.esp32: SPI Speed      : 40MHz[0m
[0;32mI (37) boot.esp32: SPI Mode       : DIO[0m
[0;32mI (40) boot.esp32: SPI Flash Size : 2MB[0m
[0;32mI (44) boot: Enabling RNG early entropy source...[0m
[0;32mI (48) boot: Partition Table:[0m
[0;32mI (51) boot: ## Label            Usage          Type ST Offset   Length[0m
[0;32mI (57) boot:  0 nvs              WiFi data        01 02 00009000 00006000[0m
[0;32mI (64) boot:  1 phy_init         RF data          01 01 0000f000 00001000[0m
[0;32mI (70) boot:  2 factory          factory app      00 00 00010000 00100000[0m
[0;32mI (77) boot: End of partition table[0m
[0;32mI (80) esp_image: segment 0: paddr=00010020 vaddr=3f400020 size=098c0h ( 39104) map[0m
[0;32mI (101) esp_image: segment 1: paddr=000198e8 vaddr=3ff80000 size=0001ch (    28) load[0m
[0;32mI (101) esp_image: segment 2: paddr=0001990c vaddr=3ffb0000 size=02398h (  9112) load[0m
[0;32mI (108) esp_image: segment 3: paddr=0001bcac vaddr=40080000 size=0436ch ( 17260) load[0m
[0;32mI (119) esp_image: segment 4: paddr=00020020 vaddr=400d0020 size=13634h ( 79412) map[0m
[0;32mI (147) esp_image: segment 5: paddr=0003365c vaddr=4008436c size=08990h ( 35216) load[0m
[0;32mI (161) esp_image: segment 6: paddr=0003bff4 vaddr=50000000 size=000a4h (   164) load[0m
[0;32mI (168) boot: Loaded app from partition at offset 0x10000[0m
[0;32mI (168) boot: Disabling RNG early entropy source...[0m
[0;32mI (179) cpu_start: Multicore app[0m
[0;32mI (187) cpu_start: Pro cpu start user code[0m
[0;32mI (188) cpu_start: cpu freq: 160000000 Hz[0m
[0;32mI (188) app_init: Application information:[0m
[0;32mI (188) app_init: Project name:     Ejercicio_4[0m
[0;32mI (192) app_init: App version:      6176405[0m
[0;32mI (196) app_init: Compile time:     Apr 17 2025 13:16:43[0m
[0;32mI (201) app_init: ELF file SHA256:  9a373bd8d...[0m
[0;32mI (205) app_init: ESP-IDF:          v5.5-dev-2488-gee77c489e7[0m
[0;32mI (211) efuse_init: Min chip rev:     v0.0[0m
[0;32mI (214) efuse_init: Max chip rev:     v3.99 [0m
[0;32mI (218) efuse_init: Chip rev:         v1.1[0m
[0;32mI (223) heap_init: Initializing. RAM available for dynamic allocation:[0m
[0;32mI (229) heap_init: At 3FFAE6E0 len 00001920 (6 KiB): DRAM[0m
[0;32mI (234) heap_init: At 3FFB2C58 len 0002D3A8 (180 KiB): DRAM[0m
[0;32mI (239) heap_init: At 3FFE0440 len 00003AE0 (14 KiB): D/IRAM[0m
[0;32mI (244) heap_init: At 3FFE4350 len 0001BCB0 (111 KiB): D/IRAM[0m
[0;32mI (250) heap_init: At 4008CCFC len 00013304 (76 KiB): IRAM[0m
[0;32mI (257) spi_flash: detected chip: generic[0m
[0;32mI (259) spi_flash: flash io: dio[0m
[0;33mW (262) spi_flash: Detected size(4096k) larger than the size in the binary image header(2048k). Using the size in the binary image header.[0m
[0;32mI (275) main_task: Started on CPU0[0m
[0;32mI (285) main_task: Calling app_main()[0m
Starting memory access time measurement...

DRAM access time: 10 microseconds
IRAM access time: 4 microseconds
RTC memory access time: 24 microseconds
Flash memory access time: 14 microseconds
Guru Meditation Error: Core  0 panic'ed (StoreProhibited). Exception was unhandled.

Core  0 register dump:
PC      : 0x400d6c5a  PS      : 0x00060130  A0      : 0x800e2fbc  A1      : 0x3ffb3f20  
A2      : 0x3ffafed8  A3      : 0x4008d128  A4      : 0x00000000  A5      : 0x3ffafe30  
A6      : 0x4008d080  A7      : 0x00000000  A8      : 0x00000005  A9      : 0x3ffb3f00  
A10     : 0x00000000  A11     : 0x00000400  A12     : 0x0000000e  A13     : 0x00000000  
A14     : 0x00000000  A15     : 0x00000004  SAR     : 0x0000001e  EXCCAUSE: 0x0000001d  
EXCVADDR: 0x00000000  LBEG    : 0x400014fd  LEND    : 0x4000150d  LCOUNT  : 0xffffffff  


Backtrace: 0x400d6c57:0x3ffb3f20 0x400e2fb9:0x3ffb3f50 0x40085b99:0x3ffb3f80




ELF file SHA256: 9a373bd8d

Rebooting...
ets Jun  8 2016 00:22:57

rst:0xc (SW_CPU_RESET),boot:0x13 (SPI_FAST_FLASH_BOOT)
configsip: 0, SPIWP:0xee
clk_drv:0x00,q_drv:0x00,d_drv:0x00,cs0_drv:0x00,hd_drv:0x00,wp_drv:0x00
mode:DIO, clock div:2
load:0x3fff0030,len:6368
load:0x40078000,len:15880
load:0x40080400,len:3860
entry 0x40080638
[0;32mI (27) boot: ESP-IDF v5.5-dev-2488-gee77c489e7 2nd stage bootloader[0m
[0;32mI (27) boot: compile time Apr 17 2025 13:16:11[0m
[0;32mI (27) boot: Multicore bootloader[0m
[0;32mI (30) boot: chip revision: v1.1[0m
[0;32mI (33) boot.esp32: SPI Speed      : 40MHz[0m
[0;32mI (37) boot.esp32: SPI Mode       : DIO[0m
[0;32mI (40) boot.esp32: SPI Flash Size : 2MB[0m
[0;32mI (44) boot: Enabling RNG early entropy source...[0m
[0;32mI (48) boot: Partition Table:[0m
[0;32mI (51) boot: ## Label            Usage          Type ST Offset   Length[0m
[0;32mI (57) boot:  0 nvs              WiFi data        01 02 00009000 00006000[0m
[0;32mI (64) boot:  1 phy_init         RF data          01 01 0000f000 00001000[0m
[0;32mI (70) boot:  2 factory          factory app      00 00 00010000 00100000[0m
[0;32mI (77) boot: End of partition table[0m
[0;32mI (80) esp_image: segment 0: paddr=00010020 vaddr=3f400020 size=098c0h ( 39104) map[0m
[0;32mI (101) esp_image: segment 1: paddr=000198e8 vaddr=3ff80000 size=0001ch (    28) load[0m
[0;32mI (101) esp_image: segment 2: paddr=0001990c vaddr=3ffb0000 size=02398h (  9112) load[0m
[0;32mI (108) esp_image: segment 3: paddr=0001bcac vaddr=40080000 size=0436ch ( 17260) load[0m
[0;32mI (119) esp_image: segment 4: paddr=00020020 vaddr=400d0020 size=13634h ( 79412) map[0m
[0;32mI (147) esp_image: segment 5: paddr=0003365c vaddr=4008436c size=08990h ( 35216) load[0m
[0;32mI (161) esp_image: segment 6: paddr=0003bff4 vaddr=50000000 size=000a4h (   164) load[0m
[0;32mI (168) boot: Loaded app from partition at offset 0x10000[0m
[0;32mI (168) boot: Disabling RNG early entropy source...[0m
[0;32mI (179) cpu_start: Multicore app[0m
[0;32mI (187) cpu_start: Pro cpu start user code[0m
[0;32mI (188) cpu_start: cpu freq: 160000000 Hz[0m
[0;32mI (188) app_init: Application information:[0m
[0;32mI (188) app_init: Project name:     Ejercicio_4[0m
[0;32mI (192) app_init: App version:      6176405[0m
[0;32mI (196) app_init: Compile time:     Apr 17 2025 13:16:43[0m
[0;32mI (201) app_init: ELF file SHA256:  9a373bd8d...[0m
[0;32mI (205) app_init: ESP-IDF:          v5.5-dev-2488-gee77c489e7[0m
[0;32mI (211) efuse_init: Min chip rev:     v0.0[0m
[0;32mI (214) efuse_init: Max chip rev:     v3.99 [0m
[0;32mI (218) efuse_init: Chip rev:         v1.1[0m
[0;32mI (223) heap_init: Initializing. RAM available for dynamic allocation:[0m
[0;32mI (229) heap_init: At 3FFAE6E0 len 00001920 (6 KiB): DRAM[0m
[0;32mI (234) heap_init: At 3FFB2C58 len 0002D3A8 (180 KiB): DRAM[0m
[0;32mI (239) heap_init: At 3FFE0440 len 00003AE0 (14 KiB): D/IRAM[0m
[0;32mI (244) heap_init: At 3FFE4350 len 0001BCB0 (111 KiB): D/IRAM[0m
[0;32mI (250) heap_init: At 4008CCFC len 00013304 (76 KiB): IRAM[0m
[0;32mI (257) spi_flash: detected chip: generic[0m
[0;32mI (259) spi_flash: flash io: dio[0m
[0;33mW (262) spi_flash: Detected size(4096k) larger than the size in the binary image header(2048k). Using the size in the binary image header.[0m
[0;32mI (275) main_task: Started on CPU0[0m
[0;32mI (285) main_task: Calling app_main()[0m
Starting memory access time measurement...

DRAM access time: 10 microseconds
IRAM access time: 4 microseconds
RTC memory access time: 24 microseconds
Flash memory access time: 14 microseconds
Guru Meditation Error: Core  0 panic'ed (StoreProhibited). Exception was unhandled.

Core  0 register dump:
PC      : 0x400d6c5a  PS      : 0x00060130  A0      : 0x800e2fbc  A1      : 0x3ffb3f20  
A2      : 0x3ffafed8  A3      : 0x4008d128  A4      : 0x00000000  A5      : 0x3ffafe30  
A6      : 0x4008d080  A7      : 0x00000000  A8      : 0x00000005  A9      : 0x3ffb3f00  
A10     : 0x00000000  A11     : 0x00000400  A12     : 0x0000000e  A13     : 0x00000000  
A14     : 0x00000000  A15     : 0x00000004  SAR     : 0x0000001e  EXCCAUSE: 0x0000001d  
EXCVADDR: 0x00000000  LBEG    : 0x400014fd  LEND    : 0x4000150d  LCOUNT  : 0xffffffff  


Backtrace: 0x400d6c57:0x3ffb3f20 0x400e2fb9:0x3ffb3f50 0x40085b99:0x3ffb3f80




ELF file SHA256: 9a373bd8d

Rebooting...
ets Jun  8 2016 00:22:57

rst:0xc (SW_CPU_RESET),boot:0x13 (SPI_FAST_FLASH_BOOT)
configsip: 0, SPIWP:0xee
clk_drv:0x00,q_drv:0x00,d_drv:0x00,cs0_drv:0x00,hd_drv:0x00,wp_drv:0x00
mode:DIO, clock div:2
load:0x3fff0030,len:6368
load:0x40078000,len:15880
load:0x40080400,len:3860
entry 0x40080638
[0;32mI (27) boot: ESP-IDF v5.5-dev-2488-gee77c489e7 2nd stage bootloader[0m
[0;32mI (27) boot: compile time Apr 17 2025 13:16:11[0m
[0;32mI (27) boot: Multicore bootloader[0m
[0;32mI (30) boot: chip revision: v1.1[0m
[0;32mI (33) boot.esp32: SPI Speed      : 40MHz[0m
[0;32mI (37) boot.esp32: SPI Mode       : DIO[0m
[0;32mI (40) boot.esp32: SPI Flash Size : 2MB[0m
[0;32mI (44) boot: Enabling RNG early entropy source...[0m
[0;32mI (48) boot: Partition Table:[0m
[0;32mI (51) boot: ## Label            Usage          Type ST Offset   Length[0m
[0;32mI (57) boot:  0 nvs              WiFi data        01 02 00009000 00006000[0m
[0;32mI (64) boot:  1 phy_init         RF data          01 01 0000f000 00001000[0m
[0;32mI (70) boot:  2 factory          factory app      00 00 00010000 00100000[0m
[0;32mI (77) boot: End of partition table[0m
[0;32mI (80) esp_image: segment 0: paddr=00010020 vaddr=3f400020 size=098c0h ( 39104) map[0m
[0;32mI (101) esp_image: segment 1: paddr=000198e8 vaddr=3ff80000 size=0001ch (    28) load[0m
[0;32mI (101) esp_image: segment 2: paddr=0001990c vaddr=3ffb0000 size=02398h (  9112) load[0m
[0;32mI (108) esp_image: segment 3: paddr=0001bcac vaddr=40080000 size=0436ch ( 17260) load[0m
[0;32mI (119) esp_image: segment 4: paddr=00020020 vaddr=400d0020 size=13634h ( 79412) map[0m
[0;32mI (147) esp_image: segment 5: paddr=0003365c vaddr=4008436c size=08990h ( 35216) load[0m
[0;32mI (161) esp_image: segment 6: paddr=0003bff4 vaddr=50000000 size=000a4h (   164) load[0m
[0;32mI (168) boot: Loaded app from partition at offset 0x10000[0m
[0;32mI (168) boot: Disabling RNG early entropy source...[0m
[0;32mI (179) cpu_start: Multicore app[0m
[0;32mI (187) cpu_start: Pro cpu start user code[0m
[0;32mI (188) cpu_start: cpu freq: 160000000 Hz[0m
[0;32mI (188) app_init: Application information:[0m
[0;32mI (188) app_init: Project name:     Ejercicio_4[0m
[0;32mI (192) app_init: App version:      6176405[0m
[0;32mI (196) app_init: Compile time:     Apr 17 2025 13:16:43[0m
[0;32mI (201) app_init: ELF file SHA256:  9a373bd8d...[0m
[0;32mI (205) app_init: ESP-IDF:          v5.5-dev-2488-gee77c489e7[0m
[0;32mI (211) efuse_init: Min chip rev:     v0.0[0m
[0;32mI (214) efuse_init: Max chip rev:     v3.99 [0m
[0;32mI (218) efuse_init: Chip rev:         v1.1[0m
[0;32mI (223) heap_init: Initializing. RAM available for dynamic allocation:[0m
[0;32mI (229) heap_init: At 3FFAE6E0 len 00001920 (6 KiB): DRAM[0m
[0;32mI (234) heap_init: At 3FFB2C58 len 0002D3A8 (180 KiB): DRAM[0m
[0;32mI (239) heap_init: At 3FFE0440 len 00003AE0 (14 KiB): D/IRAM[0m
[0;32mI (244) heap_init: At 3FFE4350 len 0001BCB0 (111 KiB): D/IRAM[0m
[0;32mI (250) heap_init: At 4008CCFC len 00013304 (76 KiB): IRAM[0m
[0;32mI (257) spi_flash: detected chip: generic[0m
[0;32mI (259) spi_flash: flash io: dio[0m
[0;33mW (262) spi_flash: Detected size(4096k) larger than the size in the binary image header(2048k). Using the size in the binary image header.[0m
[0;32mI (275) main_task: Started on CPU0[0m
[0;32mI (285) main_task: Calling app_main()[0m
Starting memory access time measurement...

DRAM access time: 10 microseconds
IRAM access time: 4 microseconds
RTC memory access time: 24 microseconds
Flash memory access time: 14 microseconds
Guru Meditation Error: Core  0 panic'ed (StoreProhibited). Exception was unhandled.

Core  0 register dump:
PC      : 0x400d6c5a  PS      : 0x00060130  A0      : 0x800e2fbc  A1      : 0x3ffb3f20  
A2      : 0x3ffafed8  A3      : 0x4008d128  A4      : 0x00000000  A5      : 0x3ffafe30  
A6      : 0x4008d080  A7      : 0x00000000  A8      : 0x00000005  A9      : 0x3ffb3f00  
A10     : 0x00000000  A11     : 0x00000400  A12     : 0x0000000e  A13     : 0x00000000  
A14     : 0x00000000  A15     : 0x00000004  SAR     : 0x0000001e  EXCCAUSE: 0x0000001d  
EXCVADDR: 0x00000000  LBEG    : 0x400014fd  LEND    : 0x4000150d  LCOUNT  : 0xffffffff  


Backtrace: 0x400d6c57:0x3ffb3f20 0x400e2fb9:0x3ffb3f50 0x40085b99:0x3ffb3f80




ELF file SHA256: 9a373bd8d

Rebooting...
ets Jun  8 2016 00:22:57

rst:0xc (SW_CPU_RESET),boot:0x13 (SPI_FAST_FLASH_BOOT)
configsip: 0, SPIWP:0xee
clk_drv:0x00,q_drv:0x00,d_drv:0x00,cs0_drv:0x00,hd_drv:0x00,wp_drv:0x00
mode:DIO, clock div:2
load:0x3fff0030,len:6368
load:0x40078000,len:15880
load:0x40080400,len:3860
entry 0x40080638
[0;32mI (27) boot: ESP-IDF v5.5-dev-2488-gee77c489e7 2nd stage bootloader[0m
[0;32mI (27) boot: compile time Apr 17 2025 13:16:11[0m
[0;32mI (27) boot: Multicore bootloader[0m
[0;32mI (30) boot: chip revision: v1.1[0m
[0;32mI (33) boot.esp32: SPI Speed      : 40MHz[0m
[0;32mI (37) boot.esp32: SPI Mode       : DIO[0m
[0;32mI (40) boot.esp32: SPI Flash Size : 2MB[0m
[0;32mI (44) boot: Enabling RNG early entropy source...[0m
[0;32mI (48) boot: Partition Table:[0m
[0;32mI (51) boot: ## Label            Usage          Type ST Offset   Length[0m
[0;32mI (57) boot:  0 nvs              WiFi data        01 02 00009000 00006000[0m
[0;32mI (64) boot:  1 phy_init         RF data          01 01 0000f000 00001000[0m
[0;32mI (70) boot:  2 factory          factory app      00 00 00010000 00100000[0m
[0;32mI (77) boot: End of partition table[0m
[0;32mI (80) esp_image: segment 0: paddr=00010020 vaddr=3f400020 size=098c0h ( 39104) map[0m
[0;32mI (101) esp_image: segment 1: paddr=000198e8 vaddr=3ff80000 size=0001ch (    28) load[0m
[0;32mI (101) esp_image: segment 2: paddr=0001990c vaddr=3ffb0000 size=02398h (  9112) load[0m
[0;32mI (108) esp_image: segment 3: paddr=0001bcac vaddr=40080000 size=0436ch ( 17260) load[0m
[0;32mI (119) esp_image: segment 4: paddr=00020020 vaddr=400d0020 size=13634h ( 79412) map[0m
[0;32mI (147) esp_image: segment 5: paddr=0003365c vaddr=4008436c size=08990h ( 35216) load[0m
[0;32mI (161) esp_image: segment 6: paddr=0003bff4 vaddr=50000000 size=000a4h (   164) load[0m
[0;32mI (168) boot: Loaded app from partition at offset 0x10000[0m
[0;32mI (168) boot: Disabling RNG early entropy source...[0m
[0;32mI (179) cpu_start: Multicore app[0m
[0;32mI (187) cpu_start: Pro cpu start user code[0m
[0;32mI (188) cpu_start: cpu freq: 160000000 Hz[0m
[0;32mI (188) app_init: Application information:[0m
[0;32mI (188) app_init: Project name:     Ejercicio_4[0m
[0;32mI (192) app_init: App version:      6176405[0m
[0;32mI (196) app_init: Compile time:     Apr 17 2025 13:16:43[0m
[0;32mI (201) app_init: ELF file SHA256:  9a373bd8d...[0m
[0;32mI (205) app_init: ESP-IDF:          v5.5-dev-2488-gee77c489e7[0m
[0;32mI (211) efuse_init: Min chip rev:     v0.0[0m
[0;32mI (214) efuse_init: Max chip rev:     v3.99 [0m
[0;32mI (218) efuse_init: Chip rev:         v1.1[0m
[0;32mI (223) heap_init: Initializing. RAM available for dynamic allocation:[0m
[0;32mI (229) heap_init: At 3FFAE6E0 len 00001920 (6 KiB): DRAM[0m
[0;32mI (234) heap_init: At 3FFB2C58 len 0002D3A8 (180 KiB): DRAM[0m
[0;32mI (239) heap_init: At 3FFE0440 len 00003AE0 (14 KiB): D/IRAM[0m
[0;32mI (244) heap_init: At 3FFE4350 len 0001BCB0 (111 KiB): D/IRAM[0m
[0;32mI (250) heap_init: At 4008CCFC len 00013304 (76 KiB): IRAM[0m
[0;32mI (257) spi_flash: detected chip: generic[0m
[0;32mI (259) spi_flash: flash io: dio[0m
[0;33mW (262) spi_flash: Detected size(4096k) larger than the size in the binary image header(2048k). Using th.[0m
[0;32mI (275) main_task: Started on CPU0[0m
[0;32mI (285) main_task: Calling app_main()[0m
Starting memory access time measurement...

DRAM access time: 10 microseconds
IRAM access time: 5 microseconds
RTC memory access time: 24 microseconds
Flash memory access time: 14 microseconds
Guru Meditation Error: Core  0 panic'ed (StoreProhibited). Exception was unhandled.

Core  0 register dump:
PC      : 0x400d6c5a  PS      : 0x00060130  A0      : 0x800e2fbc  A1      : 0x3ffb3f20  
A2      : 0x3ffafed8  A3      : 0x4008d128  A4      : 0x00000000  A5      : 0x3ffafe30  
A6      : 0x4008d080  A7      : 0x00000000  A8      : 0x00000005  A9      : 0x3ffb3f00  
A10     : 0x00000000  A11     : 0x00000400  A12     : 0x0000000e  A13     : 0x00000000  
A14     : 0x00000000  A15     : 0x00000004  SAR     : 0x0000001e  EXCCAUSE: 0x0000001d  
EXCVADDR: 0x00000000  LBEG    : 0x400014fd  LEND    : 0x4000150d  LCOUNT  : 0xffffffff  


Backtrace: 0x400d6c57:0x3ffb3f20 0x400e2fb9:0x3ffb3f50 0x40085b99:0x3ffb3f80




ELF file SHA256: 9a373bd8d

Rebooting...
ets Jun  8 2016 00:22:57

rst:0xc (SW_CPU_RESET),boot:0x13 (SPI_FAST_FLASH_BOOT)
configsip: 0, SPIWP:0xee
clk_drv:0x00,q_drv:0x00,d_drv:0x00,cs0_drv:0x00,hd_drv:0x00,wp_drv:0x00
mode:DIO, clock div:2
load:0x3fff0030,len:6368
load:0x40078000,len:15880
load:0x40080400,len:3860
entry 0x40080638
[0;32mI (27) boot: ESP-IDF v5.5-dev-2488-gee77c489e7 2nd stage bootloader[0m
[0;32mI (27) boot: compile time Apr 17 2025 13:16:11[0m
[0;32mI (27) boot: Multicore bootloader[0m
[0;32mI (30) boot: chip revision: v1.1[0m
[0;32mI (33) boot.esp32: SPI Speed      : 40MHz[0m
[0;32mI (37) boot.esp32: SPI Mode       : DIO[0m
[0;32mI (40) boot.esp32: SPI Flash Size : 2MB[0m
[0;32mI (44) boot: Enabling RNG early entropy source...[0m
[0;32mI (48) boot: Partition Table:[0m
[0;32mI (51) boot: ## Label            Usage          Type ST Offset   Length[0m
[0;32mI (57) boot:  0 nvs              WiFi data        01 02 00009000 00006000[0m
[0;32mI (64) boot:  1 phy_init         RF data          01 01 0000f000 00001000[0m
[0;32mI (70) boot:  2 factory          factory app      00 00 00010000 00100000[0m
[0;32mI (77) boot: End of partition table[0m
[0;32mI (80) esp_image: segment 0: paddr=00010020 vaddr=3f400020 size=098c0h ( 39104) map[0m
[0;32mI (101) esp_image: segment 1: paddr=000198e8 vaddr=3ff80000 size=0001ch (    28) load[0m
[0;32mI (101) esp_image: segment 2: paddr=0001990c vaddr=3ffb0000 size=02398h (  9112) load[0m
[0;32mI (108) esp_image: segment 3: paddr=0001bcac vaddr=40080000 size=0436ch ( 17260) load[0m
[0;32mI (119) esp_image: segment 4: paddr=00020020 vaddr=400d0020 size=13634h ( 79412) map[0m
[0;32mI (147) esp_image: segment 5: paddr=0003365c vaddr=4008436c size=08990h ( 35216) load[0m
[0;32mI (161) esp_image: segment 6: paddr=0003bff4 vaddr=50000000 size=000a4h (   164) load[0m
[0;32mI (168) boot: Loaded app from partition at offset 0x10000[0m
[0;32mI (168) boot: Disabling RNG early entropy source...[0m
[0;32mI (179) cpu_start: Multicore app[0m
[0;32mI (187) cpu_start: Pro cpu start user code[0m
[0;32mI (188) cpu_start: cpu freq: 160000000 Hz[0m
[0;32mI (188) app_init: Application information:[0m
[0;32mI (188) app_init: Project name:     Ejercicio_4[0m
[0;32mI (192) app_init: App version:      6176405[0m
[0;32mI (196) app_init: Compile time:     Apr 17 2025 13:16:43[0m
[0;32mI (201) app_init: ELF file SHA256:  9a373bd8d...[0m
[0;32mI (205) app_init: ESP-IDF:          v5.5-dev-2488-gee77c489e7[0m
[0;32mI (211) efuse_init: Min chip rev:     v0.0[0m
[0;32mI (214) efuse_init: Max chip rev:     v3.99 [0m
[0;32mI (218) efuse_init: Chip rev:         v1.1[0m
[0;32mI (223) heap_init: Initializing. RAM available for dynamic allocation:[0m
[0;32mI (229) heap_init: At 3FFAE6E0 len 00001920 (6 KiB): DRAM[0m
[0;32mI (234) heap_init: At 3FFB2C58 len 0002D3A8 (180 KiB): DRAM[0m
[0;32mI (239) heap_init: At 3FFE0440 len 00003AE0 (14 KiB): D/IRAM[0m
[0;32mI (244) heap_init: At 3FFE4350 len 0001BCB0 (111 KiB): D/IRAM[0m
[0;32mI (250) heap_init: At 4008CCFC len 00013304 (76 KiB): IRAM[0m
[0;32mI (257) spi_flash: detected chip: generic[0m
[0;32mI (259) spi_flash: flash io: dio[0m
[0;33mW (262) spi_flash: Detected size(4096k) larger than the size in the binary image header(2048k). Using the size in the binary image header.[0m
[0;32mI (275) main_task: Started on CPU0[0m
[0;32mI (285) main_task: Calling app_main()[0m
Starting memory access time measurement...

DRAM access time: 10 microseconds
IRAM access time: 4 microseconds
RTC memory access time: 24 microseconds
Flash memory access time: 14 microseconds
Guru Meditation Error: Core  0 panic'ed (StoreProhibited). Exception was unhandled.

Core  0 register dump:
PC      : 0x400d6c5a  PS      : 0x00060130  A0      : 0x800e2fbc  A1      : 0x3ffb3f20  
A2      : 0x3ffafed8  A3      : 0x4008d128  A4      : 0x00000000  A5      : 0x3ffafe30  
A6      : 0x4008d080  A7      : 0x00000000  A8      : 0x00000005  A9      : 0x3ffb3f00  
A10     : 0x00000000  A11     : 0x00000400  A12     : 0x0000000e  A13     : 0x00000000  
A14     : 0x00000000  A15     : 0x00000004  SAR     : 0x0000001e  EXCCAUSE: 0x0000001d  
EXCVADDR: 0x00000000  LBEG    : 0x400014fd  LEND    : 0x4000150d  LCOUNT  : 0xffffffff  


Backtrace: 0x400d6c57:0x3ffb3f20 0x400e2fb9:0x3ffb3f50 0x40085b99:0x3ffb3f80




ELF file SHA256: 9a373bd8d

Rebooting...
ets Jun  8 2016 00:22:57

rst:0xc (SW_CPU_RESET),boot:0x13 (SPI_FAST_FLASH_BOOT)
configsip: 0, SPIWP:0xee
clk_drv:0x00,q_drv:0x00,d_drv:0x00,cs0_drv:0x00,hd_drv:0x00,wp_drv:0x00
mode:DIO, clock div:2
load:0x3fff0030,len:6368
load:0x40078000,len:15880
load:0x40080400,len:3860
entry 0x40080638
[0;32mI (27) boot: ESP-IDF v5.5-dev-2488-gee77c489e7 2nd stage bootloader[0m
[0;32mI (27) boot: compile time Apr 17 2025 13:16:11[0m
[0;32mI (27) boot: Multicore bootloader[0m
[0;32mI (30) boot: chip revision: v1.1[0m
[0;32mI (33) boot.esp32: SPI Speed      : 40MHz[0m
[0;32mI (37) boot.esp32: SPI Mode       : DIO[0m
[0;32mI (40) boot.esp32: SPI Flash Size : 2MB[0m
[0;32mI (44) boot: Enabling RNG early entropy source...[0m
[0;32mI (48) boot: Partition Table:[0m
[0;32mI (51) boot: ## Label            Usage          Type ST Offset   Length[0m
[0;32mI (57) boot:  0 nvs              WiFi data        01 02 00009000 00006000[0m
[0;32mI (64) boot:  1 phy_init         RF data          01 01 0000f000 00001000[0m
[0;32mI (70) boot:  2 factory          factory app      00 00 00010000 00100000[0m
[0;32mI (77) boot: End of partition table[0m
[0;32mI (80) esp_image: segment 0: paddr=00010020 vaddr=3f400020 size=098c0h ( 39104) map[0m
[0;32mI (101) esp_image: segment 1: paddr=000198e8 vaddr=3ff80000 size=0001ch (    28) load[0m
[0;32mI (101) esp_image: segment 2: paddr=0001990c vaddr=3ffb0000 size=02398h (  9112) load[0m
[0;32mI (108) esp_image: segment 3: paddr=0001bcac vaddr=40080000 size=0436ch ( 17260) load[0m
[0;32mI (119) esp_image: segment 4: paddr=00020020 vaddr=400d0020 size=13634h ( 79412) map[0m
[0;32mI (147) esp_image: segment 5: paddr=0003365c vaddr=4008436c size=08990h ( 35216) load[0m
[0;32mI (161) esp_image: segment 6: paddr=0003bff4 vaddr=50000000 size=000a4h (   164) load[0m
[0;32mI (168) boot: Loaded app from partition at offset 0x10000[0m
[0;32mI (168) boot: Disabling RNG early entropy source...[0m
[0;32mI (179) cpu_start: Multicore app[0m
[0;32mI (187) cpu_start: Pro cpu start user code[0m
[0;32mI (188) cpu_start: cpu freq: 160000000 Hz[0m
[0;32mI (188) app_init: Application information:[0m
[0;32mI (188) app_init: Project name:     Ejercicio_4[0m
[0;32mI (192) app_init: App version:      6176405[0m
[0;32mI (196) app_init: Compile time:     Apr 17 2025 13:16:43[0m
[0;32mI (201) app_init: ELF file SHA256:  9a373bd8d...[0m
[0;32mI (205) app_init: ESP-IDF:          v5.5-dev-2488-gee77c489e7[0m
[0;32mI (211) efuse_init: Min chip rev:     v0.0[0m
[0;32mI (214) efuse_init: Max chip rev:     v3.99 [0m
[0;32mI (218) efuse_init: Chip rev:         v1.1[0m
[0;32mI (223) heap_init: Initializing. RAM available for dynamic allocation:[0m
[0;32mI (229) heap_init: At 3FFAE6E0 len 00001920 (6 KiB): DRAM[0m
[0;32mI (234) heap_init: At 3FFB2C58 len 0002D3A8 (180 KiB): DRAM[0m
[0;32mI (239) heap_init: At 3FFE0440 len 00003AE0 (14 KiB): D/IRAM[0m
[0;32mI (244) heap_init: At 3FFE4350 len 0001BCB0 (111 KiB): D/IRAM[0m
[0;32mI (250) heap_init: At 4008CCFC len 00013304 (76 KiB): IRAM[0m
[0;32mI (257) spi_flash: detected chip: generic[0m
[0;32mI (259) spi_flash: flash io: dio[0m
[0;33mW (262) spi_flash: Detected size(4096k) larger than the size in the binary image header(2048k). Using the size in the binary image header.[0m
[0;32mI (275) main_task: Started on CPU0[0m
[0;32mI (285) main_task: Calling app_main()[0m
Starting memory access time measurement...

DRAM access time: 10 microseconds
IRAM access time: 5 microseconds
RTC memory access time: 24 microseconds
Flash memory access time: 14 microseconds
Guru Meditation Error: Core  0 panic'ed (StoreProhibited). Exception was unhandled.

Core  0 register dump:
PC      : 0x400d6c5a  PS      : 0x00060130  A0      : 0x800e2fbc  A1      : 0x3ffb3f20  
A2      : 0x3ffafed8  A3      : 0x4008d128  A4      : 0x00000000  A5      : 0x3ffafe30  
A6      : 0x4008d080  A7      : 0x00000000  A8      : 0x00000005  A9      : 0x3ffb3f00  
A10     : 0x00000000  A11     : 0x00000400  A12     : 0x0000000e  A13     : 0x00000000  
A14     : 0x00000000  A15     : 0x00000004  SAR     : 0x0000001e  EXCCAUSE: 0x0000001d  
EXCVADDR: 0x00000000  LBEG    : 0x400014fd  LEND    : 0x4000150d  LCOUNT  : 0xffffffff  


Backtrace: 0x400d6c57:0x3ffb3f20 0x400e2fb9:0x3ffb3f50 0x40085b99:0x3ffb3f80




ELF file SHA256: 9a373bd8d

Rebooting...
ets Jun  8 2016 00:22:57

rst:0xc (SW_CPU_RESET),boot:0x13 (SPI_FAST_FLASH_BOOT)
configsip: 0, SPIWP:0xee
clk_drv:0x00,q_drv:0x00,d_drv:0x00,cs0_drv:0x00,hd_drv:0x00,wp_drv:0x00
mode:DIO, clock div:2
load:0x3fff0030,len:6368
load:0x40078000,len:15880
load:0x40080400,len:3860
entry 0x40080638
[0;32mI (27) boot: ESP-IDF v5.5-dev-2488-gee77c489e7 2nd stage bootloader[0m
[0;32mI (27) boot: compile time Apr 17 2025 13:16:11[0m
[0;32mI (27) boot: Multicore bootloader[0m
[0;32mI (30) boot: chip revision: v1.1[0m
[0;32mI (33) boot.esp32: SPI Speed      : 40MHz[0m
[0;32mI (37) boot.esp32: SPI Mode       : DIO[0m
[0;32mI (40) boot.esp32: SPI Flash Size : 2MB[0m
[0;32mI (44) boot: Enabling RNG early entropy source...[0m
[0;32mI (48) boot: Partition Table:[0m
[0;32mI (51) boot: ## Label            Usage          Type ST Offset   Length[0m
[0;32mI (57) boot:  0 nvs              WiFi data        01 02 00009000 00006000[0m
[0;32mI (64) boot:  1 phy_init         RF data          01 01 0000f000 00001000[0m
[0;32mI (70) boot:  2 factory          factory app      00 00 00010000 00100000[0m
[0;32mI (77) boot: End of partition table[0m
[0;32mI (80) esp_image: segment 0: paddr=00010020 vaddr=3f400020 size=098c0h ( 39104) map[0m
[0;32mI (101) esp_image: segment 1: paddr=000198e8 vaddr=3ff80000 size=0001ch (    28) load[0m
[0;32mI (101) esp_image: segment 2: paddr=0001990c vaddr=3ffb0000 size=02398h (  9112) load[0m
[0;32mI (108) esp_image: segment 3: paddr=0001bcac vaddr=40080000 size=0436ch ( 17260) load[0m
[0;32mI (119) esp_image: segment 4: paddr=00020020 vaddr=400d0020 size=13634h ( 79412) map[0m
[0;32mI (147) esp_image: segment 5: paddr=0003365c vaddr=4008436c size=08990h ( 35216) load[0m
[0;32mI (161) esp_image: segment 6: paddr=0003bff4 vaddr=50000000 size=000a4h (   164) load[0m
[0;32mI (168) boot: Loaded app from partition at offset 0x10000[0m
[0;32mI (168) boot: Disabling RNG early entropy source...[0m
[0;32mI (179) cpu_start: Multicore app[0m
[0;32mI (187) cpu_start: Pro cpu start user code[0m
[0;32mI (188) cpu_start: cpu freq: 160000000 Hz[0m
[0;32mI (188) app_init: Application information:[0m
[0;32mI (188) app_init: Project name:     Ejercicio_4[0m
[0;32mI (192) app_init: App version:      6176405[0m
[0;32mI (196) app_init: Compile time:     Apr 17 2025 13:16:43[0m
[0;32mI (201) app_init: ELF file SHA256:  9a373bd8d...[0m
[0;32mI (205) app_init: ESP-IDF:          v5.5-dev-2488-gee77c489e7[0m
[0;32mI (211) efuse_init: Min chip rev:     v0.0[0m
[0;32mI (214) efuse_init: Max chip rev:     v3.99 [0m
[0;32mI (218) efuse_init: Chip rev:         v1.1[0m
[0;32mI (223) heap_init: Initializing. RAM available for dynamic allocation:[0m
[0;32mI (229) heap_init: At 3FFAE6E0 len 00001920 (6 KiB): DRAM[0m
[0;32mI (234) heap_init: At 3FFB2C58 len 0002D3A8 (180 KiB): DRAM[0m
[0;32mI (239) heap_init: At 3FFE0440 len 00003AE0 (14 KiB): D/IRAM[0m
[0;32mI (244) heap_init: At 3FFE4350 len 0001BCB0 (111 KiB): D/IRAM[0m
[0;32mI (250) heap_init: At 4008CCFC len 00013304 (76 KiB): IRAM[0m
[0;32mI (257) spi_flash: detected chip: generic[0m
[0;32mI (259) spi_flash: flash io: dio[0m
[0;33mW (262) spi_flash: Detected size(4096k) larger than the size in the binary image header(2048k). Using the size in the binary image header.[0m
[0;32mI (275) main_task: Started on CPU0[0m
[0;32mI (285) main_task: Calling app_main()[0m
Starting memory access time measurement...

DRAM access time: 10 microseconds
IRAM access time: 5 microseconds
RTC memory access time: 23 microseconds
Flash memory access time: 14 microseconds
Guru Meditation Error: Core  0 panic'ed (StoreProhibited). Exception was unhandled.

Core  0 register dump:
PC      : 0x400d6c5a  PS      : 0x00060130  A0      : 0x800e2fbc  A1      : 0x3ffb3f20  
A2      : 0x3ffafed8  A3      : 0x4008d128  A4      : 0x00000000  A5      : 0x3ffafe30  
A6      : 0x4008d080  A7      : 0x00000000  A8      : 0x00000005  A9      : 0x3ffb3f00  
A10     : 0x00000000  A11     : 0x00000400  A12     : 0x0000000e  A13     : 0x00000000  
A14     : 0x00000000  A15     : 0x00000004  SAR     : 0x0000001e  EXCCAUSE: 0x0000000000  LBEG    : 0x400014fd  LEND    : 0x4000150d  LCOUNT  : 0xffffffff  


Backtrace: 0x400d6c57:0x3ffb3f20 0x400e2fb9:0x3ffb3f50 0x40085b99:0x3ffb3f80




ELF file SHA256: 9a373bd8d

Rebooting...
ets Jun  8 2016 00:22:57

rst:0xc (SW_CPU_RESET),boot:0x13 (SPI_FAST_FLASH_BOOT)
configsip: 0, SPIWP:0xee
clk_drv:0x00,q_drv:0x00,d_drv:0x00,cs0_drv:0x00,hd_drv:0x00,wp_drv:0x00
mode:DIO, clock div:2
load:0x3fff0030,len:6368
load:0x40078000,len:15880
load:0x40080400,len:3860
entry 0x40080638
[0;32mI (27) boot: ESP-IDF v5.5-dev-2488-gee77c489e7 2nd stage bootloader[0m
[0;32mI (27) boot: compile time Apr 17 2025 13:16:11[0m
[0;32mI (27) boot: Multicore bootloader[0m
[0;32mI (30) boot: chip revision: v1.1[0m
[0;32mI (33) boot.esp32: SPI Speed      : 40MHz[0m
[0;32mI (37) boot.esp32: SPI Mode       : DIO[0m
[0;32mI (40) boot.esp32: SPI Flash Size : 2MB[0m
[0;32mI (44) boot: Enabling RNG early entropy source...[0m
[0;32mI (48) boot: Partition Table:[0m
[0;32mI (51) boot: ## Label            Usage          Type ST Offset   Length[0m
[0;32mI (57) boot:  0 nvs              WiFi data        01 02 00009000 00006000[0m
[0;32mI (64) boot:  1 phy_init         RF data          01 01 0000f000 00001000[0m
[0;32mI (70) boot:  2 factory          factory app      00 00 00010000 00100000[0m
[0;32mI (77) boot: End of partition table[0m
[0;32mI (80) esp_image: segment 0: paddr=00010020 vaddr=3f400020 size=098c0h ( 39104) map[0m
[0;32mI (101) esp_image: segment 1: paddr=000198e8 vaddr=3ff80000 size=0001ch (    28) load[0m
[0;32mI (101) esp_image: segment 2: paddr=0001990c vaddr=3ffb0000 size=02398h (  9112) load[0m
[0;32mI (108) esp_image: segment 3: paddr=0001bcac vaddr=40080000 size=0436ch ( 17260) load[0m
