Command: /Users/diegogiordano/esp/idf-tools/python_env/idf5.5_py3.12_env/bin/python /Users/diegogiordano/esp/idf/esp-idf/tools/idf_monitor.py -p /dev/cu.usbserial-110 -b 115200 --toolchain-prefix xtensa-esp32-elf- --target esp32 --revision 0 /Users/diegogiordano/dev/universidad/embedded_systems/rep_se_202501_Jorge_Gomez/Lab_1/Ejercicio_3/codigo_esp/Ejercicio_3/build/Ejercicio_3.elf /Users/diegogiordano/dev/universidad/embedded_systems/rep_se_202501_Jorge_Gomez/Lab_1/Ejercicio_3/codigo_esp/Ejercicio_3/build/bootloader/bootloader.elf -m '/Users/diegogiordano/esp/idf-tools/python_env/idf5.5_py3.12_env/bin/python' '/Users/diegogiordano/esp/idf/esp-idf/tools/idf.py'
s0_drv:0x00,hd_drv:0x00,wp_drv:0x00
mode:DIO, clock div:2
lï¿½ets Jun  8 2016 00:22:57

rst:0x1 (POWERON_RESET),boot:0x13 (SPI_FAST_FLASH_BOOT)
configsip: 0, SPIWP:0xee
clk_drv:0x00,q_drv:0x00,d_drv:0x00,cs0_drv:0x00,hd_drv:0x00,wp_drv:0x00
mode:DIO, clock div:2
load:0x3fff0030,len:6368
load:0x40078000,len:15880
load:0x40080400,len:3860
entry 0x40080638
[0;32mI (27) boot: ESP-IDF v5.5-dev-2488-gee77c489e7 2nd stage bootloader[0m
[0;32mI (27) boot: compile time Apr 16 2025 20:21:59[0m
[0;32mI (27) boot: Multicore bootloader[0m
[0;32mI (30) boot: chip revision: v1.1[0m
[0;32mI (32) boot.esp32: SPI Speed      : 40MHz[0m
[0;32mI (36) boot.esp32: SPI Mode       : DIO[0m
[0;32mI (40) boot.esp32: SPI Flash Size : 4MB[0m
[0;32mI (43) boot: Enabling RNG early entropy source...[0m
[0;32mI (48) boot: Partition Table:[0m
[0;32mI (50) boot: ## Label            Usage          Type ST Offset   Length[0m
[0;32mI (57) boot:  0 nvs              WiFi data        01 02 00009000 00006000[0m
[0;32mI (63) boot:  1 phy_init         RF data          01 01 0000f000 00001000[0m
[0;32mI (70) boot:  2 factory          factory app      00 00 00010000 00100000[0m
[0;32mI (76) boot:  3 storage          Unknown data     01 82 00110000 00100000[0m
[0;32mI (83) boot: End of partition table[0m
[0;32mI (86) esp_image: segment 0: paddr=00010020 vaddr=3f400020 size=0a190h ( 41360) map[0m
[0;32mI (108) esp_image: segment 1: paddr=0001a1b8 vaddr=3ff80000 size=0001ch (    28) load[0m
[0;32mI (108) esp_image: segment 2: paddr=0001a1dc vaddr=3ffb0000 size=023cch (  9164) load[0m
[0;32mI (115) esp_image: segment 3: paddr=0001c5b0 vaddr=40080000 size=03a68h ( 14952) load[0m
[0;32mI (125) esp_image: segment 4: paddr=00020020 vaddr=400d0020 size=18fe4h (102372) map[0m
[0;32mI (162) esp_image: segment 5: paddr=0003900c vaddr=40083a68 size=099f4h ( 39412) load[0m
[0;32mI (184) boot: Loaded app from partition at offset 0x10000[0m
[0;32mI (184) boot: Disabling RNG early entropy source...[0m
[0;32mI (194) cpu_start: Multicore app[0m
[0;32mI (203) cpu_start: Pro cpu start user code[0m
[0;32mI (203) cpu_start: cpu freq: 160000000 Hz[0m
[0;32mI (203) app_init: Application information:[0m
[0;32mI (203) app_init: Project name:     Ejercicio_3[0m
[0;32mI (207) app_init: App version:      a58aa1d[0m
[0;32mI (211) app_init: Compile time:     Apr 16 2025 20:22:35[0m
[0;32mI (216) app_init: ELF file SHA256:  c41e788d0...[0m
[0;32mI (220) app_init: ESP-IDF:          v5.5-dev-2488-gee77c489e7[0m
[0;32mI (226) efuse_init: Min chip rev:     v0.0[0m
[0;32mI (230) efuse_init: Max chip rev:     v3.99 [0m
[0;32mI (234) efuse_init: Chip rev:         v1.1[0m
[0;32mI (238) heap_init: Initializing. RAM available for dynamic allocation:[0m
[0;32mI (244) heap_init: At 3FFAE6E0 len 00001920 (6 KiB): DRAM[0m
[0;32mI (249) heap_init: At 3FFB2C98 len 0002D368 (180 KiB): DRAM[0m
[0;32mI (254) heap_init: At 3FFE0440 len 00003AE0 (14 KiB): D/IRAM[0m
[0;32mI (259) heap_init: At 3FFE4350 len 0001BCB0 (111 KiB): D/IRAM[0m
[0;32mI (265) heap_init: At 4008D45C len 00012BA4 (74 KiB): IRAM[0m
[0;32mI (272) spi_flash: detected chip: generic[0m
[0;32mI (274) spi_flash: flash io: dio[0m
[0;32mI (278) main_task: Started on CPU0[0m
[0;32mI (288) main_task: Calling app_main()[0m
[0;32mI (368) FileSystem: Partition size: total: 956561, used: 502[0m
[0;32mI (368) FileSystem: File opened successfully[0m
Read line: holaI (368) main_task: Returned from app_main()
