Command: /Users/diegogiordano/esp/idf-tools/python_env/idf5.5_py3.13_env/bin/python /Users/diegogiordano/esp/idf/esp-idf/tools/idf_monitor.py -p /dev/cu.usbserial-110 -b 115200 --toolchain-prefix xtensa-esp32-elf- --target esp32 --revision 0 /Users/diegogiordano/esp/projects/esp-idf/examples/get-started/hello_world/build/hello_world.elf /Users/diegogiordano/esp/projects/esp-idf/examples/get-started/hello_world/build/bootloader/bootloader.elf -m '/Users/diegogiordano/esp/idf-tools/python_env/idf5.5_py3.13_env/bin/python' '/Users/diegogiordano/esp/idf/esp-idf/tools/idf.py'
x3fff0030,len:6368
load:0x40078ï¿½ets Jun  8 2016 00:22:57

rst:0x1 (POWERON_RESET),boot:0x13 (SPI_FAST_FLASH_BOOT)
configsip: 0, SPIWP:0xee
clk_drv:0x00,q_drv:0x00,d_drv:0x00,cs0_drv:0x00,hd_drv:0x00,wp_drv:0x00
mode:DIO, clock div:2
load:0x3fff0030,len:6368
load:0x40078000,len:15880
load:0x40080400,len:3860
entry 0x40080638
[0;32mI (26) boot: ESP-IDF v5.5-dev-2488-gee77c489e7 2nd stage bootloader[0m
[0;32mI (27) boot: compile time Mar 27 2025 09:55:46[0m
[0;32mI (27) boot: Multicore bootloader[0m
[0;32mI (30) boot: chip revision: v1.1[0m
[0;32mI (32) boot.esp32: SPI Speed      : 40MHz[0m
[0;32mI (36) boot.esp32: SPI Mode       : DIO[0m
[0;32mI (40) boot.esp32: SPI Flash Size : 2MB[0m
[0;32mI (43) boot: Enabling RNG early entropy source...[0m
[0;32mI (48) boot: Partition Table:[0m
[0;32mI (50) boot: ## Label            Usage          Type ST Offset   Length[0m
[0;32mI (57) boot:  0 nvs              WiFi data        01 02 00009000 00006000[0m
[0;32mI (63) boot:  1 phy_init         RF data          01 01 0000f000 00001000[0m
[0;32mI (70) boot:  2 factory          factory app      00 00 00010000 00100000[0m
[0;32mI (76) boot: End of partition table[0m
[0;32mI (79) esp_image: segment 0: paddr=00010020 vaddr=3f400020 size=07490h ( 29840) map[0m
[0;32mI (97) esp_image: segment 1: paddr=000174b8 vaddr=3ff80000 size=0001ch (    28) load[0m
[0;32mI (97) esp_image: segment 2: paddr=000174dc vaddr=3ffb0000 size=02164h (  8548) load[0m
[0;32mI (105) esp_image: segment 3: paddr=00019648 vaddr=40080000 size=069d0h ( 27088) load[0m
[0;32mI (120) esp_image: segment 4: paddr=00020020 vaddr=400d0020 size=0fc60h ( 64608) map[0m
[0;32mI (142) esp_image: segment 5: paddr=0002fc88 vaddr=400869d0 size=05e2ch ( 24108) load[0m
[0;32mI (158) boot: Loaded app from partition at offset 0x10000[0m
[0;32mI (158) boot: Disabling RNG early entropy source...[0m
[0;32mI (168) cpu_start: Multicore app[0m
[0;32mI (177) cpu_start: Pro cpu start user code[0m
[0;32mI (177) cpu_start: cpu freq: 160000000 Hz[0m
[0;32mI (177) app_init: Application information:[0m
[0;32mI (177) app_init: Project name:     hello_world[0m
[0;32mI (181) app_init: App version:      v5.5-dev-2488-gee77c489e7-dirty[0m
[0;32mI (187) app_init: Compile time:     Mar 27 2025 09:55:48[0m
[0;32mI (192) app_init: ELF file SHA256:  0886bdf50...[0m
[0;32mI (197) app_init: ESP-IDF:          v5.5-dev-2488-gee77c489e7[0m
[0;32mI (202) efuse_init: Min chip rev:     v0.0[0m
[0;32mI (206) efuse_init: Max chip rev:     v3.99 [0m
[0;32mI (210) efuse_init: Chip rev:         v1.1[0m
[0;32mI (214) heap_init: Initializing. RAM available for dynamic allocation:[0m
[0;32mI (220) heap_init: At 3FFAE6E0 len 00001920 (6 KiB): DRAM[0m
[0;32mI (225) heap_init: At 3FFB29C0 len 0002D640 (181 KiB): DRAM[0m
[0;32mI (230) heap_init: At 3FFE0440 len 00003AE0 (14 KiB): D/IRAM[0m
[0;32mI (236) heap_init: At 3FFE4350 len 0001BCB0 (111 KiB): D/IRAM[0m
[0;32mI (241) heap_init: At 4008C7FC len 00013804 (78 KiB): IRAM[0m
[0;32mI (247) spi_flash: detected chip: generic[0m
[0;32mI (250) spi_flash: flash io: dio[0m
[0;33mW (253) spi_flash: Detected size(4096k) larger than the size in the binary image header(2048k). Using the size in the binary image header.[0m
[0;32mI (266) main_task: Started on CPU0[0m
[0;32mI (276) main_task: Calling app_main()[0m
Hello Diego Giordano!
This is esp32 chip with 2 CPU core(s), WiFi/BTBLE, silicon revision v1.1, 2MB external flash
Minimum free heap size: 306216 bytes
Restarting in 10 seconds...
Restarting in 9 seconds...
Restarting in 8 seconds...
Restarting in 7 seconds...
