Command: /Users/diegogiordano/esp/idf-tools/python_env/idf5.5_py3.12_env/bin/python /Users/diegogiordano/esp/idf/esp-idf/tools/idf_monitor.py -p /dev/cu.usbserial-110 -b 115200 --toolchain-prefix xtensa-esp32-elf- --target esp32 --revision 0 /Users/diegogiordano/dev/universidad/embedded_systems/rep_se_202501_Jorge_Gomez/Lab_1/Competencia_final/build/Competencia_final.elf /Users/diegogiordano/dev/universidad/embedded_systems/rep_se_202501_Jorge_Gomez/Lab_1/Competencia_final/build/bootloader/bootloader.elf -m '/Users/diegogiordano/esp/idf-tools/python_env/idf5.5_py3.12_env/bin/python' '/Users/diegogiordano/esp/idf/esp-idf/tools/idf.py' '-p' '/dev/cu.usbserial-110'
x00,d_drv:0x00,cs0_drv:0x00,hd_drv:0x00,wp_drvï¿½ets Jun  8 2016 00:22:57

rst:0x1 (POWERON_RESET),boot:0x13 (SPI_FAST_FLASH_BOOT)
configsip: 0, SPIWP:0xee
clk_drv:0x00,q_drv:0x00,d_drv:0x00,cs0_drv:0x00,hd_drv:0x00,wp_drv:0x00
mode:DIO, clock div:2
load:0x3fff0030,len:6368
load:0x40078000,len:15880
load:0x40080400,len:3860
entry 0x40080638
[0;32mI (27) boot: ESP-IDF v5.5-dev-2488-gee77c489e7 2nd stage bootloader[0m
[0;32mI (27) boot: compile time Apr 17 2025 16:22:14[0m
[0;32mI (27) boot: Multicore bootloader[0m
[0;32mI (30) boot: chip revision: v1.1[0m
[0;32mI (32) boot.esp32: SPI Speed      : 40MHz[0m
[0;32mI (36) boot.esp32: SPI Mode       : DIO[0m
[0;32mI (40) boot.esp32: SPI Flash Size : 4MB[0m
[0;32mI (43) boot: Enabling RNG early entropy source...[0m
[0;32mI (48) boot: Partition Table:[0m
[0;32mI (50) boot: ## Label            Usage          Type ST Offset   Length[0m
[0;32mI (57) boot:  0 nvs              WiFi data        01 02 00009000 00006000[0m
[0;32mI (63) boot:  1 phy_init         RF data          01 01 0000f000 00001000[0m
[0;32mI (70) boot:  2 factory          factory app      00 00 00010000 00100000[0m
[0;32mI (76) boot:  3 storage          Unknown data     01 82 00110000 00200000[0m
[0;32mI (83) boot: End of partition table[0m
[0;32mI (86) esp_image: segment 0: paddr=00010020 vaddr=3f400020 size=0f6e0h ( 63200) map[0m
[0;32mI (115) esp_image: segment 1: paddr=0001f708 vaddr=3ff80000 size=0001ch (    28) load[0m
[0;32mI (115) esp_image: segment 2: paddr=0001f72c vaddr=3ffb0000 size=008ech (  2284) load[0m
[0;32mI (120) esp_image: segment 3: paddr=00020020 vaddr=400d0020 size=1dfb4h (122804) map[0m
[0;32mI (168) esp_image: segment 4: paddr=0003dfdc vaddr=3ffb08ec size=01b10h (  6928) load[0m
[0;32mI (171) esp_image: segment 5: paddr=0003faf4 vaddr=40080000 size=0d4c8h ( 54472) load[0m
[0;32mI (200) boot: Loaded app from partition at offset 0x10000[0m
[0;32mI (200) boot: Disabling RNG early entropy source...[0m
[0;32mI (211) cpu_start: Multicore app[0m
[0;32mI (219) cpu_start: Pro cpu start user code[0m
[0;32mI (219) cpu_start: cpu freq: 160000000 Hz[0m
[0;32mI (219) app_init: Application information:[0m
[0;32mI (219) app_init: Project name:     Competencia_final[0m
[0;32mI (224) app_init: App version:      6176405[0m
[0;32mI (228) app_init: Compile time:     Apr 17 2025 16:23:03[0m
[0;32mI (233) app_init: ELF file SHA256:  45c8077a7...[0m
[0;32mI (237) app_init: ESP-IDF:          v5.5-dev-2488-gee77c489e7[0m
[0;32mI (243) efuse_init: Min chip rev:     v0.0[0m
[0;32mI (247) efuse_init: Max chip rev:     v3.99 [0m
[0;32mI (250) efuse_init: Chip rev:         v1.1[0m
[0;32mI (255) heap_init: Initializing. RAM available for dynamic allocation:[0m
[0;32mI (261) heap_init: At 3FFAE6E0 len 00001920 (6 KiB): DRAM[0m
[0;32mI (266) heap_init: At 3FFB2D00 len 0002D300 (180 KiB): DRAM[0m
[0;32mI (271) heap_init: At 3FFE0440 len 00003AE0 (14 KiB): D/IRAM[0m
[0;32mI (276) heap_init: At 3FFE4350 len 0001BCB0 (111 KiB): D/IRAM[0m
[0;32mI (282) heap_init: At 4008D4C8 len 00012B38 (74 KiB): IRAM[0m
[0;32mI (289) spi_flash: detected chip: generic[0m
[0;32mI (291) spi_flash: flash io: dio[0m
[0;32mI (294) main_task: Started on CPU0[0m
[0;32mI (304) main_task: Calling app_main()[0m
[0;32mI (304) SPECTROGRAM: Starting application[0m
[0;32mI (304) SPECTROGRAM: Initializing SPIFFS[0m
[0;32mI (464) SPECTROGRAM: Partition size: total: 1920401, used: 955055[0m
[0;32mI (464) SPECTROGRAM: Reading audio data[0m
[0;32mI (464) SPECTROGRAM: Successfully read audio data[0m
[0;32mI (464) SPECTROGRAM: Generating spectrogram[0m
[0;32mI (474) SPECTROGRAM: Spectrogram generation completed[0m
[0;32mI (474) SPECTROGRAM: Saving spectrogram[0m
[0;32mI (474) SPECTROGRAM: SPIFFS: Total: 1920401 bytes, Used: 955055 bytes, Free: 965346 bytes, Required: 10260 bytes[0m
[0;32mI (854) SPECTROGRAM: Total cycles used: 214609[0m
[0;32mI (854) SPECTROGRAM: Spectrogram saved successfully, file size: 4617 bytes[0m
[0;32mI (854) main_task: Returned from app_main()[0m
