Command: /Users/diegogiordano/esp/idf-tools/python_env/idf5.5_py3.12_env/bin/python /Users/diegogiordano/esp/idf/esp-idf/tools/idf_monitor.py -p /dev/cu.usbserial-110 -b 115200 --toolchain-prefix xtensa-esp32-elf- --target esp32 --revision 0 /Users/diegogiordano/dev/universidad/embedded_systems/rep_se_202501_Jorge_Gomez/Lab_1/Competencia_final/build/Competencia_final.elf /Users/diegogiordano/dev/universidad/embedded_systems/rep_se_202501_Jorge_Gomez/Lab_1/Competencia_final/build/bootloader/bootloader.elf -m '/Users/diegogiordano/esp/idf-tools/python_env/idf5.5_py3.12_env/bin/python' '/Users/diegogiordano/esp/idf/esp-idf/tools/idf.py'
0_drv:0x00,hd_drv:0x00,wp_drv:0x00
mode:DIO, clï¿½ets Jun  8 2016 00:22:57

rst:0x1 (POWERON_RESET),boot:0x13 (SPI_FAST_FLASH_BOOT)
configsip: 0, SPIWP:0xee
clk_drv:0x00,q_drv:0x00,d_drv:0x00,cs0_drv:0x00,hd_drv:0x00,wp_drv:0x00
mode:DIO, clock div:2
load:0x3fff0030,len:6368
load:0x40078000,len:15880
load:0x40080400,len:3860
entry 0x40080638
[0;32mI (27) boot: ESP-IDF v5.5-dev-2488-gee77c489e7 2nd stage bootloader[0m
[0;32mI (27) boot: compile time Apr 17 2025 16:22:14[0m
[0;32mI (27) boot: Multicore bootloader[0m
[0;32mI (30) boot: chip revision: v1.1[0m
[0;32mI (32) boot.esp32: SPI Speed      : 40MHz[0m
[0;32mI (36) boot.esp32: SPI Mode       : DIO[0m
[0;32mI (40) boot.esp32: SPI Flash Size : 4MB[0m
[0;32mI (43) boot: Enabling RNG early entropy source...[0m
[0;32mI (48) boot: Partition Table:[0m
[0;32mI (50) boot: ## Label            Usage          Type ST Offset   Length[0m
[0;32mI (57) boot:  0 nvs              WiFi data        01 02 00009000 00006000[0m
[0;32mI (63) boot:  1 phy_init         RF data          01 01 0000f000 00001000[0m
[0;32mI (70) boot:  2 factory          factory app      00 00 00010000 00100000[0m
[0;32mI (76) boot:  3 storage          Unknown data     01 82 00110000 00200000[0m
[0;32mI (83) boot: End of partition table[0m
[0;32mI (86) esp_image: segment 0: paddr=00010020 vaddr=3f400020 size=0f780h ( 63360) map[0m
[0;32mI (115) esp_image: segment 1: paddr=0001f7a8 vaddr=3ff80000 size=0001ch (    28) load[0m
[0;32mI (115) esp_image: segment 2: paddr=0001f7cc vaddr=3ffb0000 size=0084ch (  2124) load[0m
[0;32mI (120) esp_image: segment 3: paddr=00020020 vaddr=400d0020 size=1e1d0h (123344) map[0m
[0;32mI (169) esp_image: segment 4: paddr=0003e1f8 vaddr=3ffb084c size=01bb0h (  7088) load[0m
[0;32mI (172) esp_image: segment 5: paddr=0003fdb0 vaddr=40080000 size=0d4c8h ( 54472) load[0m
[0;32mI (200) boot: Loaded app from partition at offset 0x10000[0m
[0;32mI (200) boot: Disabling RNG early entropy source...[0m
[0;32mI (211) cpu_start: Multicore app[0m
[0;32mI (219) cpu_start: Pro cpu start user code[0m
[0;32mI (219) cpu_start: cpu freq: 160000000 Hz[0m
[0;32mI (219) app_init: Application information:[0m
[0;32mI (219) app_init: Project name:     Competencia_final[0m
[0;32mI (224) app_init: App version:      adf7cc7d-dirty[0m
[0;32mI (229) app_init: Compile time:     Apr 17 2025 17:30:49[0m
[0;32mI (234) app_init: ELF file SHA256:  31493e916...[0m
[0;32mI (238) app_init: ESP-IDF:          v5.5-dev-2488-gee77c489e7[0m
[0;32mI (244) efuse_init: Min chip rev:     v0.0[0m
[0;32mI (247) efuse_init: Max chip rev:     v3.99 [0m
[0;32mI (251) efuse_init: Chip rev:         v1.1[0m
[0;32mI (255) heap_init: Initializing. RAM available for dynamic allocation:[0m
[0;32mI (262) heap_init: At 3FFAE6E0 len 00001920 (6 KiB): DRAM[0m
[0;32mI (267) heap_init: At 3FFB2D00 len 0002D300 (180 KiB): DRAM[0m
[0;32mI (272) heap_init: At 3FFE0440 len 00003AE0 (14 KiB): D/IRAM[0m
[0;32mI (277) heap_init: At 3FFE4350 len 0001BCB0 (111 KiB): D/IRAM[0m
[0;32mI (283) heap_init: At 4008D4C8 len 00012B38 (74 KiB): IRAM[0m
[0;32mI (289) spi_flash: detected chip: generic[0m
[0;32mI (292) spi_flash: flash io: dio[0m
[0;32mI (295) main_task: Started on CPU0[0m
[0;32mI (305) main_task: Calling app_main()[0m
[0;32mI (305) SPECTROGRAM: Starting application[0m
[0;32mI (305) SPECTROGRAM: Inicializando SPIFFS[0m
[0;32mI (465) SPECTROGRAM: Partition size: total: 1920401, used: 956561[0m
[0;32mI (465) SPECTROGRAM: Reading audio data[0m
[0;32mI (465) SPECTROGRAM: Audio data range: min=-21436.000000, max=28006.000000[0m
[0;32mI (465) SPECTROGRAM: Successfully read audio data[0m
[0;32mI (475) SPECTROGRAM: Generating spectrogram[0m
[0;32mI (485) SPECTROGRAM: Spectrogram range: min=341.938904, max=9188.773438[0m
[0;32mI (485) SPECTROGRAM: Spectrogram generation completed[0m
[0;32mI (485) SPECTROGRAM: Saving spectrogram[0m
[0;32mI (495) SPECTROGRAM: SPIFFS: Total: 1920401 bytes, Used: 956561 bytes, Free: 963840 bytes, Required: 10260 bytes[0m

===SPECTROGRAM_START===
3200.446777
3195.773193
3181.759033
3158.427734
3125.816895
3083.980469
3032.986084
2972.919434
2903.878418
2825.979980
2739.354492
2644.150635
2540.534180
2428.688965
2308.820068
2181.154785
2045.947754
1903.488647
1754.109741
1598.211182
1436.285278
1268.990601
1097.273071
922.651367
747.907166
578.994019
430.830994
341.938904
367.707550
496.110748
674.445984
875.317688
1088.222412
1308.683228
1534.435669
1764.136353
1996.868042
2231.933838
2468.756592
2706.828125
2945.684570
3184.887939
3424.024658
3662.687988
3900.487061
4137.035645
4371.955566
4604.879395
4835.436035
5063.272461
5288.031738
5509.369141
5726.942871
5940.420898
6149.478027
6353.791504
6553.056641
6746.964844
6935.226562
7117.555176
7293.676270
7463.322754
7626.241211
7782.186523
7930.922852
8072.230469
8205.895508
8331.721680
8449.519531
8559.116211
8660.348633
8753.067383
8837.135742
8912.432617
8978.847656
9036.286133
9084.665039
9123.916016
9153.985352
9174.833008
9186.432617
9188.773438
9181.855469
9165.698242
9140.331055
9105.795898
9062.156250
9009.481445
8947.861328
8877.390625
8798.188477
8710.379883
8614.106445
8509.522461
8396.794922
8276.104492
8147.645020
8011.619141
7868.244629
7717.756348
7560.390625
7396.406250
7226.067871
7049.653320
6867.452148
6679.767578
6486.913086
6289.216309
6087.015137
5880.664551
5670.531250
5456.998047
5240.465820
5021.354492
4800.105957
4577.187988
4353.101074
4128.378418
3903.604736
3679.421387
3456.543457
3235.778809
3018.062744
2804.491455
2596.376709
2395.313721
2203.272461
2022.705200
1856.656616
1708.851318
1583.659790
1485.817139
1419.754883
1388.565918
1392.973022
1430.911011
1498.038330
1588.846069
1697.740112
1819.714966
1950.608521
2087.092529
2226.553467
2366.947510
2506.668701
2644.443848
2779.250244
2910.260742
3036.791260
3158.275879
3274.236816
3384.269775
3488.032471
3585.229004
3675.606201
3758.947754
3835.068848
3903.812256
3965.045410
4018.661133
4064.572021
4102.709961
4133.027344
4155.493164
4170.092285
4176.830078
4175.723633
4166.807129
4150.128418
4125.750488
4093.749756
4054.217773
4007.257080
3952.985107
3891.531494
3823.038818
3747.661621
3665.566406
3576.933838
3481.953369
3380.831299
3273.783203
3161.038330
3042.839355
2919.445068
2791.129395
2658.183105
2520.919189
2379.677490
2234.826172
2086.780273
1936.005859
1783.052734
1628.582764
1473.433350
1318.716309
1165.988525
1017.562378
877.058899
750.364563
646.996277
580.711365
565.524597
605.701843
691.714722
808.863831
945.248718
1093.165283
1247.899292
1406.513184
1567.091675
1728.317505
1889.229370
2049.090820
2207.312988
2363.403076
2516.938232
2667.544189
2814.887207
2958.661133
3098.583252
3234.393066
3365.846680
3492.715332
3614.784180
3731.853516
3843.735107
3950.251465
4051.239502
4146.546387
4236.030273
4319.561523
4397.020996
4468.300781
4533.304688
4591.947754
4644.155273
4689.863770
4729.021973
4761.589355
4787.534180
4806.838867
4819.496094
4825.508789
4824.890137
4817.666992
4803.873535
4783.558105
4756.777344
4723.598633
4684.102051
4638.375488
4586.519043
4528.643066
4464.867188
4395.322754
4320.148926
4239.499023
4153.532715
4062.424072
3966.354980
3865.519287
3760.122559
3650.382324
3536.528564
3418.805420
3297.472412
3172.805908
3045.102051
2914.678711
2781.883057
2647.092773
2510.727539
2373.257568
2235.218506
2097.229736
1960.022583
1824.474487
1691.660522
1562.917603
1439.930420
1324.833862
1220.311890
1129.654175
1056.661133
1005.271118
978.819885
979.102234
1005.725281
1056.210693
1126.771973
1213.260132
1311.825806
1419.220093
1532.831421
1650.608643
1770.949829
1892.595337
2014.547607
2136.000000
2256.294678
2374.883545
2491.304199
2605.162842
2716.114746
2823.861572
2928.138184
3028.709717
3125.364258
3217.914795
3306.192139
3390.042969
3469.332031
3543.935059
3613.744873
3678.665039
3738.611572
3793.510986
3843.302002
3887.934082
3927.365234
3961.565918
3990.516602
4014.204590
4032.629883
4045.800293
4053.732422
4056.453369
4053.999023
4046.412842
4033.748535
4016.067627
3993.441406
3965.948730
3933.677002
3896.722412
3855.189941
3809.192627
3758.853760
3704.303467
3645.682129
3583.136719
3516.827148
3446.922363
3373.600098
3297.049072
3217.472412
3135.083496
3050.110840
2962.799072
2873.407471
2782.218750
2689.535645
2595.687744
2501.033691
2405.968262
2310.925781
2216.388672
2122.894531
2031.045654
1941.515747
1855.064453
1772.538696
1694.881836
1623.126465
1558.385010
1501.815063
1454.572510
1417.737549
1392.228638
1378.706909
1377.500732
1388.561157
1411.466553
1445.472778
1489.597900
1542.716064
1603.646484
1671.223999
1744.347046
1822.004883
1903.289673
1987.397095
2073.622803
2161.350342
2250.045410
2339.241699
2428.533691
2517.569336
2606.040283
2693.677002
2780.245117
2865.536865
2949.371826
3031.592041
3112.058594
3190.650879
3267.262451
3341.802734
3414.193604
3484.368408
3552.271729
3617.856445
3681.087402
3741.935547
3800.380371
3856.407715
3910.011963
3961.193359
4009.956299
4056.312744
4100.278320
4141.874023
4181.125000
4218.058594
4252.709961
4285.114258
4315.308105
4343.334961
4369.236816
4393.059570
4414.850098
4434.656250
4452.528320
4468.513184
4482.662598
4495.025879
4505.653809
4514.595215
4521.896484
4527.606934
4531.771973
4534.434570
4535.639160
4535.424805
4533.830078
4530.892090
4526.643066
4521.114258
4514.333984
4506.327637
4497.117676
4486.723633
4475.162598
4462.449219
4448.590820
4433.600098
4417.479492
4400.232422
4381.859863
4362.357422
4341.723633
4319.949707
4297.028320
4272.947754
4247.699219
4221.268066
4193.640625
4164.802734
4134.739258
4103.435059
4070.875000
4037.044678
4001.929932
3965.517334
3927.795166
3888.752686
3848.381836
3806.675049
3763.628906
3719.241699
3673.514404
3626.452637
3578.062988
3528.358643
3477.356445
3425.076660
3371.545166
3316.792480
3260.855225
3203.776123
3145.604004
3086.395264
3026.212646
2965.127197
2903.219971
2840.577637
2777.300537
2713.497803
2649.291016
2584.813721
2520.213867
2455.653076
2391.310303
2327.380615
2264.079346
2201.640869
2140.321289
2080.399658
2022.177246
1965.980103
1912.155884
1861.074463
1813.124512
1768.709717
1728.239380
1692.121582
1660.754272
1634.507202
1613.712158
1598.647217
1589.519775
1586.463379
===SPECTROGRAM_END===
[0;32mI (1385) SPECTROGRAM: Total cycles used: 215769[0m
[0;32mI (1385) SPECTROGRAM: Spectrogram saved successfully, file size: 6136 bytes[0m
[0;32mI (1385) main_task: Returned from app_main()[0m
