Command: /Users/diegogiordano/esp/idf-tools/python_env/idf5.5_py3.12_env/bin/python /Users/diegogiordano/esp/idf/esp-idf/tools/idf_monitor.py -p /dev/cu.usbserial-110 -b 115200 --toolchain-prefix xtensa-esp32-elf- --target esp32 --revision 0 /Users/diegogiordano/dev/universidad/embedded_systems/rep_se_202501_Jorge_Gomez/Lab_1/Competencia_final/build/Competencia_final.elf /Users/diegogiordano/dev/universidad/embedded_systems/rep_se_202501_Jorge_Gomez/Lab_1/Competencia_final/build/bootloader/bootloader.elf -m '/Users/diegogiordano/esp/idf-tools/python_env/idf5.5_py3.12_env/bin/python' '/Users/diegogiordano/esp/idf/esp-idf/tools/idf.py'
v:0x00,hd_drv:0x00,wp_drv:0x00
mode:DIO, cloï¿½ets Jun  8 2016 00:22:57

rst:0x1 (POWERON_RESET),boot:0x13 (SPI_FAST_FLASH_BOOT)
configsip: 0, SPIWP:0xee
clk_drv:0x00,q_drv:0x00,d_drv:0x00,cs0_drv:0x00,hd_drv:0x00,wp_drv:0x00
mode:DIO, clock div:2
load:0x3fff0030,len:6368
load:0x40078000,len:15880
load:0x40080400,len:3860
entry 0x40080638
[0;32mI (27) boot: ESP-IDF v5.5-dev-2488-gee77c489e7 2nd stage bootloader[0m
[0;32mI (27) boot: compile time Apr 17 2025 16:22:14[0m
[0;32mI (27) boot: Multicore bootloader[0m
[0;32mI (30) boot: chip revision: v1.1[0m
[0;32mI (32) boot.esp32: SPI Speed      : 40MHz[0m
[0;32mI (36) boot.esp32: SPI Mode       : DIO[0m
[0;32mI (40) boot.esp32: SPI Flash Size : 4MB[0m
[0;32mI (43) boot: Enabling RNG early entropy source...[0m
[0;32mI (48) boot: Partition Table:[0m
[0;32mI (50) boot: ## Label            Usage          Type ST Offset   Length[0m
[0;32mI (57) boot:  0 nvs              WiFi data        01 02 00009000 00006000[0m
[0;32mI (63) boot:  1 phy_init         RF data          01 01 0000f000 00001000[0m
[0;32mI (70) boot:  2 factory          factory app      00 00 00010000 00100000[0m
[0;32mI (76) boot:  3 storage          Unknown data     01 82 00110000 00200000[0m
[0;32mI (83) boot: End of partition table[0m
[0;32mI (86) esp_image: segment 0: paddr=00010020 vaddr=3f400020 size=0f770h ( 63344) map[0m
[0;32mI (115) esp_image: segment 1: paddr=0001f798 vaddr=3ff80000 size=0001ch (    28) load[0m
[0;32mI (115) esp_image: segment 2: paddr=0001f7bc vaddr=3ffb0000 size=0085ch (  2140) load[0m
[0;32mI (120) esp_image: segment 3: paddr=00020020 vaddr=400d0020 size=1e238h (123448) map[0m
[0;32mI (169) esp_image: segment 4: paddr=0003e260 vaddr=3ffb085c size=01ba0h (  7072) load[0m
[0;32mI (172) esp_image: segment 5: paddr=0003fe08 vaddr=40080000 size=0d4c8h ( 54472) load[0m
[0;32mI (200) boot: Loaded app from partition at offset 0x10000[0m
[0;32mI (201) boot: Disabling RNG early entropy source...[0m
[0;32mI (211) cpu_start: Multicore app[0m
[0;32mI (219) cpu_start: Pro cpu start user code[0m
[0;32mI (219) cpu_start: cpu freq: 160000000 Hz[0m
[0;32mI (219) app_init: Application information:[0m
[0;32mI (219) app_init: Project name:     Competencia_final[0m
[0;32mI (224) app_init: App version:      6176405[0m
[0;32mI (228) app_init: Compile time:     Apr 17 2025 16:23:03[0m
[0;32mI (233) app_init: ELF file SHA256:  5c88d1c51...[0m
[0;32mI (237) app_init: ESP-IDF:          v5.5-dev-2488-gee77c489e7[0m
[0;32mI (243) efuse_init: Min chip rev:     v0.0[0m
[0;32mI (247) efuse_init: Max chip rev:     v3.99 [0m
[0;32mI (251) efuse_init: Chip rev:         v1.1[0m
[0;32mI (255) heap_init: Initializing. RAM available for dynamic allocation:[0m
[0;32mI (261) heap_init: At 3FFAE6E0 len 00001920 (6 KiB): DRAM[0m
[0;32mI (266) heap_init: At 3FFB2D00 len 0002D300 (180 KiB): DRAM[0m
[0;32mI (271) heap_init: At 3FFE0440 len 00003AE0 (14 KiB): D/IRAM[0m
[0;32mI (277) heap_init: At 3FFE4350 len 0001BCB0 (111 KiB): D/IRAM[0m
[0;32mI (282) heap_init: At 4008D4C8 len 00012B38 (74 KiB): IRAM[0m
[0;32mI (289) spi_flash: detected chip: generic[0m
[0;32mI (291) spi_flash: flash io: dio[0m
[0;32mI (295) main_task: Started on CPU0[0m
[0;32mI (305) main_task: Calling app_main()[0m
[0;32mI (305) SPECTROGRAM: Starting application[0m
[0;32mI (305) SPECTROGRAM: Initializing SPIFFS[0m
[0;32mI (465) SPECTROGRAM: Partition size: total: 1920401, used: 956561[0m
[0;32mI (465) SPECTROGRAM: Reading audio data[0m
[0;32mI (465) SPECTROGRAM: Audio data range: min=-0.654175, max=0.854675[0m
[0;32mI (465) SPECTROGRAM: Successfully read audio data[0m
[0;32mI (465) SPECTROGRAM: Generating spectrogram[0m
[0;32mI (485) SPECTROGRAM: Spectrogram range: min=0.187578, max=1.000000[0m
[0;32mI (485) SPECTROGRAM: Spectrogram generation completed[0m
[0;32mI (485) SPECTROGRAM: Saving spectrogram[0m
[0;32mI (485) SPECTROGRAM: SPIFFS: Total: 1920401 bytes, Used: 956561 bytes, Free: 963840 bytes, Required: 10260 bytes[0m

===SPECTROGRAM_START===
0.527543
0.527723
0.528265
0.529166
0.530426
0.532042
0.534010
0.536327
0.538988
0.541988
0.545323
0.548985
0.552968
0.557264
0.561866
0.566766
0.571955
0.577423
0.583163
0.589163
0.595414
0.601905
0.608626
0.615565
0.622713
0.630057
0.637586
0.645288
0.653151
0.661164
0.669315
0.677591
0.685980
0.694469
0.703047
0.711701
0.720418
0.729186
0.737993
0.746827
0.755674
0.764522
0.773359
0.782174
0.790953
0.799685
0.808358
0.816960
0.825480
0.833906
0.842226
0.850430
0.858507
0.866446
0.874237
0.881869
0.889332
0.896618
0.903716
0.910617
0.917313
0.923795
0.930055
0.936086
0.941879
0.947428
0.952726
0.957767
0.962545
0.967054
0.971289
0.975246
0.978920
0.982308
0.985406
0.988211
0.990721
0.992933
0.994845
0.996458
0.997768
0.998778
0.999486
0.999893
1.000000
0.999809
0.999320
0.998538
0.997464
0.996100
0.994452
0.992523
0.990316
0.987837
0.985091
0.982082
0.978818
0.975302
0.971543
0.967547
0.963320
0.958870
0.954205
0.949331
0.944257
0.938991
0.933541
0.927916
0.922123
0.916173
0.910074
0.903834
0.897462
0.890968
0.884361
0.877649
0.870841
0.863947
0.856975
0.849934
0.842832
0.835678
0.828480
0.821248
0.813987
0.806707
0.799414
0.792117
0.784821
0.777534
0.770262
0.763012
0.755789
0.748599
0.741446
0.734337
0.727275
0.720264
0.713310
0.706414
0.699580
0.692812
0.686112
0.679482
0.672925
0.666441
0.660034
0.653703
0.647451
0.641277
0.635184
0.629170
0.623238
0.617387
0.611617
0.605930
0.600324
0.594800
0.589359
0.584000
0.578725
0.573533
0.568425
0.563401
0.558463
0.553611
0.548847
0.544171
0.539585
0.535091
0.530690
0.526385
0.522178
0.518070
0.514065
0.510165
0.506372
0.502690
0.499122
0.495671
0.492339
0.489129
0.486045
0.483090
0.480266
0.477576
0.475023
0.472609
0.470335
0.468204
0.466218
0.464376
0.462680
0.461130
0.459726
0.458467
0.457352
0.456380
0.455547
0.454852
0.454291
0.453860
0.453556
0.453372
0.453305
0.453348
0.453495
0.453740
0.454076
0.454495
0.454991
0.455554
0.456178
0.456853
0.457573
0.458327
0.459108
0.459907
0.460716
0.461525
0.462328
0.463115
0.463878
0.464610
0.465303
0.465949
0.466541
0.467072
0.467536
0.467926
0.468237
0.468463
0.468599
0.468639
0.468581
0.468420
0.468151
0.467774
0.467284
0.466679
0.465959
0.465121
0.464165
0.463091
0.461899
0.460589
0.459163
0.457622
0.455968
0.454203
0.452331
0.450356
0.448280
0.446107
0.443844
0.441494
0.439064
0.436559
0.433985
0.431350
0.428659
0.425921
0.423143
0.420332
0.417498
0.414648
0.411791
0.408937
0.406092
0.403268
0.400473
0.397715
0.395005
0.392351
0.389763
0.387248
0.384816
0.382475
0.380232
0.378096
0.376074
0.374173
0.372398
0.370755
0.369251
0.367887
0.366670
0.365601
0.364683
0.363917
0.363305
0.362846
0.362538
0.362382
0.362375
0.362513
0.362793
0.363211
0.363761
0.364440
0.365240
0.366156
0.367180
0.368306
0.369527
0.370834
0.372221
0.373679
0.375201
0.376779
0.378404
0.380070
0.381768
0.383491
0.385231
0.386981
0.388735
0.390485
0.392225
0.393948
0.395649
0.397322
0.398962
0.400563
0.402120
0.403630
0.405087
0.406488
0.407830
0.409108
0.410320
0.411463
0.412535
0.413533
0.414455
0.415300
0.416065
0.416751
0.417354
0.417876
0.418314
0.418669
0.418940
0.419126
0.419228
0.419246
0.419181
0.419031
0.418798
0.418483
0.418086
0.417607
0.417047
0.416408
0.415689
0.414892
0.414018
0.413068
0.412042
0.410942
0.409769
0.408523
0.407206
0.405818
0.404360
0.402834
0.401240
0.399580
0.397853
0.396061
0.394205
0.392286
0.390303
0.388259
0.386153
0.383987
0.381761
0.379477
0.377133
0.374732
0.372274
0.369760
0.367190
0.364565
0.361886
0.359154
0.356369
0.353533
0.350646
0.347709
0.344723
0.341689
0.338609
0.335484
0.332315
0.329103
0.325851
0.322558
0.319229
0.315863
0.312464
0.309034
0.305574
0.302087
0.298576
0.295044
0.291493
0.287926
0.284348
0.280761
0.277169
0.273575
0.269985
0.266401
0.262829
0.259273
0.255738
0.252229
0.248751
0.245309
0.241910
0.238558
0.235260
0.232022
0.228850
0.225751
0.222730
0.219794
0.216949
0.214203
0.211561
0.209030
0.206616
0.204325
0.202162
0.200134
0.198244
0.196499
0.194902
0.193457
0.192166
0.191033
0.190059
0.189246
0.188594
0.188102
0.187770
0.187596
0.187578
0.187711
0.187994
0.188420
0.188986
0.189686
0.190514
0.191464
0.192529
0.193702
0.194978
0.196347
0.197805
0.199342
0.200952
0.202628
0.204363
0.206149
0.207981
0.209851
0.211754
0.213682
0.215631
0.217594
0.219566
0.221541
0.223516
0.225484
0.227441
0.229384
0.231307
0.233207
0.235081
0.236925
0.238736
0.240511
0.242247
0.243941
0.245591
0.247195
0.248750
0.250254
0.251706
0.253104
0.254445
0.255730
0.256955
0.258121
0.259226
0.260268
0.261248
0.262163
0.263013
0.263798
0.264517
0.265169
0.265753
0.266270
0.266719
0.267099
0.267411
0.267653
0.267826
0.267931
0.267965
===SPECTROGRAM_END===
[0;32mI (1245) SPECTROGRAM: Total cycles used: 291666[0m
[0;32mI (1255) SPECTROGRAM: Spectrogram saved successfully, file size: 4617 bytes[0m
[0;32mI (1255) main_task: Returned from app_main()[0m
